{
    "-profile test": {
        "content": [
            {
                "BAMTOOLS_SPLIT": {
                    "bamtools": "2.5.2"
                },
                "CHOPPER": {
                    "chopper": "0.10.0"
                },
                "FLEXIPLEX_ASSIGN": {
                    "flexiplex": "1.02.6.1"
                },
                "FLEXIPLEX_DISCOVERY": {
                    "flexiplex": "1.02.6.1"
                },
                "FLEXIPLEX_FILTER": {
                    "flexiplex": "1.02.6.1"
                },
                "GENOME_FAIDX": {
                    "samtools": "1.22.1"
                },
                "ISOQUANT": {
                    "isoquant": "3.13.1"
                },
                "MINIMAP2_ALIGN": {
                    "minimap2": "2.29-r1283"
                },
                "PIGZ_UNCOMPRESS": {
                    "pigz": 2.8
                },
                "READ_COUNTS": {
                    "perl": "5.26.2"
                },
                "RSEQC_READDISTRIBUTION": {
                    "rseqc": "5.0.4"
                },
                "SAMTOOLS_FILTER_MAPPED": {
                    "samtools": "1.22.1"
                },
                "SAMTOOLS_FLAGSTAT": {
                    "samtools": "1.22.1"
                },
                "SAMTOOLS_FLAGSTAT_TAGGED": {
                    "samtools": "1.22.1"
                },
                "SAMTOOLS_IDXSTATS": {
                    "samtools": "1.22.1"
                },
                "SAMTOOLS_INDEX": {
                    "samtools": "1.22.1"
                },
                "SAMTOOLS_INDEX_DEDUP": {
                    "samtools": "1.22.1"
                },
                "SAMTOOLS_INDEX_MERGED": {
                    "samtools": "1.22.1"
                },
                "SAMTOOLS_MERGE": {
                    "samtools": "1.22.1"
                },
                "SAMTOOLS_SORT": {
                    "samtools": "1.22.1"
                },
                "SAMTOOLS_STATS": {
                    "samtools": "1.22.1"
                },
                "SPLIT_GENE_STATUS": {
                    "samtools": "1.22.1"
                },
                "TAG_GENES": {
                    "python": "3.10.6"
                },
                "UCSC_GENEPREDTOBED": {
                    "ucsc": 447
                },
                "UCSC_GTFTOGENEPRED": {
                    "ucsc": 482
                },
                "UMITOOLS_DEDUP_GENE": {
                    "umitools": "1.1.6"
                },
                "UMITOOLS_DEDUP_MAIN": {
                    "umitools": "1.1.6"
                },
                "Workflow": {
                    "nf-core/scnanoseq": "v1.3.0"
                }
            },
            [
                "ERR9958133",
                "ERR9958133/cdna",
                "ERR9958133/cdna/flexiplex",
                "ERR9958133/cdna/flexiplex/ERR9958133.cdna_known_barcodes.txt",
                "ERR9958133/cdna/flexiplex/ERR9958133_barcodes_counts.txt",
                "ERR9958133/cdna/genome",
                "ERR9958133/cdna/genome/bam",
                "ERR9958133/cdna/genome/bam/dedup",
                "ERR9958133/cdna/genome/bam/dedup/ERR9958133.cdna.genome.dedup.bam",
                "ERR9958133/cdna/genome/bam/dedup/ERR9958133.cdna.genome.dedup.bam.bai",
                "ERR9958133/cdna/genome/bam/mapped_only",
                "ERR9958133/cdna/genome/bam/mapped_only/ERR9958133.cdna.genome_mapped_only.sorted.bam",
                "ERR9958133/cdna/genome/bam/mapped_only/ERR9958133.cdna.genome_mapped_only.sorted.bam.bai",
                "ERR9958133/cdna/genome/bam/original",
                "ERR9958133/cdna/genome/bam/original/ERR9958133.cdna.genome.sorted.bam",
                "ERR9958133/cdna/genome/bam/original/ERR9958133.cdna.genome.sorted.bam.bai",
                "ERR9958133/cdna/genome/isoquant",
                "ERR9958133/cdna/genome/isoquant/ERR9958133.cdna",
                "ERR9958133/cdna/genome/isoquant/ERR9958133.cdna/ERR9958133.cdna",
                "ERR9958133/cdna/genome/isoquant/ERR9958133.cdna/ERR9958133.cdna/ERR9958133.cdna.gene_grouped_tag_CB_counts.barcodes.tsv",
                "ERR9958133/cdna/genome/isoquant/ERR9958133.cdna/ERR9958133.cdna/ERR9958133.cdna.gene_grouped_tag_CB_counts.features.tsv",
                "ERR9958133/cdna/genome/isoquant/ERR9958133.cdna/ERR9958133.cdna/ERR9958133.cdna.gene_grouped_tag_CB_counts.matrix.mtx",
                "ERR9958133/cdna/genome/isoquant/ERR9958133.cdna/ERR9958133.cdna/ERR9958133.cdna.transcript_grouped_tag_CB_counts.barcodes.tsv",
                "ERR9958133/cdna/genome/isoquant/ERR9958133.cdna/ERR9958133.cdna/ERR9958133.cdna.transcript_grouped_tag_CB_counts.features.tsv",
                "ERR9958133/cdna/genome/isoquant/ERR9958133.cdna/ERR9958133.cdna/ERR9958133.cdna.transcript_grouped_tag_CB_counts.matrix.mtx",
                "ERR9958133/cdna/genome/isoquant_all_droplets",
                "ERR9958133/cdna/genome/isoquant_all_droplets/ERR9958133.cdna.all_droplets",
                "ERR9958133/cdna/genome/isoquant_all_droplets/ERR9958133.cdna.all_droplets/ERR9958133.cdna.all_droplets",
                "ERR9958133/cdna/genome/isoquant_all_droplets/ERR9958133.cdna.all_droplets/ERR9958133.cdna.all_droplets/ERR9958133.cdna.all_droplets.gene_grouped_tag_XB_counts.barcodes.tsv",
                "ERR9958133/cdna/genome/isoquant_all_droplets/ERR9958133.cdna.all_droplets/ERR9958133.cdna.all_droplets/ERR9958133.cdna.all_droplets.gene_grouped_tag_XB_counts.features.tsv",
                "ERR9958133/cdna/genome/isoquant_all_droplets/ERR9958133.cdna.all_droplets/ERR9958133.cdna.all_droplets/ERR9958133.cdna.all_droplets.gene_grouped_tag_XB_counts.matrix.mtx",
                "ERR9958133/cdna/genome/isoquant_all_droplets/ERR9958133.cdna.all_droplets/ERR9958133.cdna.all_droplets/ERR9958133.cdna.all_droplets.transcript_grouped_tag_XB_counts.barcodes.tsv",
                "ERR9958133/cdna/genome/isoquant_all_droplets/ERR9958133.cdna.all_droplets/ERR9958133.cdna.all_droplets/ERR9958133.cdna.all_droplets.transcript_grouped_tag_XB_counts.features.tsv",
                "ERR9958133/cdna/genome/isoquant_all_droplets/ERR9958133.cdna.all_droplets/ERR9958133.cdna.all_droplets/ERR9958133.cdna.all_droplets.transcript_grouped_tag_XB_counts.matrix.mtx",
                "ERR9958133/cdna/genome/qc",
                "ERR9958133/cdna/genome/qc/gene_assignment",
                "ERR9958133/cdna/genome/qc/gene_assignment/ERR9958133.cdna.genome.gene_assignment.tsv",
                "ERR9958133/cdna/genome/qc/rseqc",
                "ERR9958133/cdna/genome/qc/rseqc/ERR9958133.read_distribution.txt",
                "ERR9958133/cdna/genome/qc/samtools",
                "ERR9958133/cdna/genome/qc/samtools/dedup",
                "ERR9958133/cdna/genome/qc/samtools/dedup/ERR9958133.cdna.genome.umitools_dedup.flagstat",
                "ERR9958133/cdna/genome/qc/samtools/dedup/ERR9958133.cdna.genome.umitools_dedup.idxstats",
                "ERR9958133/cdna/genome/qc/samtools/dedup/ERR9958133.cdna.genome.umitools_dedup.stats",
                "ERR9958133/cdna/genome/qc/samtools/mapped_only",
                "ERR9958133/cdna/genome/qc/samtools/mapped_only/ERR9958133.cdna.genome.mapped_only.flagstat",
                "ERR9958133/cdna/genome/qc/samtools/mapped_only/ERR9958133.cdna.genome.mapped_only.idxstats",
                "ERR9958133/cdna/genome/qc/samtools/mapped_only/ERR9958133.cdna.genome.mapped_only.stats",
                "ERR9958133/cdna/genome/qc/samtools/minimap",
                "ERR9958133/cdna/genome/qc/samtools/minimap/ERR9958133.cdna.genome.minimap.flagstat",
                "ERR9958133/cdna/genome/qc/samtools/minimap/ERR9958133.cdna.genome.minimap.idxstats",
                "ERR9958133/cdna/genome/qc/samtools/minimap/ERR9958133.cdna.genome.minimap.stats",
                "ERR9958133/cdna/qc",
                "ERR9958133/cdna/qc/nanoplot",
                "ERR9958133/cdna/qc/nanoplot/post_extract",
                "ERR9958133/cdna/qc/nanoplot/post_extract/ERR9958133.cdna.extracted_LengthvsQualityScatterPlot_dot.html",
                "ERR9958133/cdna/qc/nanoplot/post_extract/ERR9958133.cdna.extracted_LengthvsQualityScatterPlot_kde.html",
                "ERR9958133/cdna/qc/nanoplot/post_extract/ERR9958133.cdna.extracted_NanoPlot-report.html",
                "ERR9958133/cdna/qc/nanoplot/post_extract/ERR9958133.cdna.extracted_NanoStats.txt",
                "ERR9958133/cdna/qc/nanoplot/post_extract/ERR9958133.cdna.extracted_Non_weightedHistogramReadlength.html",
                "ERR9958133/cdna/qc/nanoplot/post_extract/ERR9958133.cdna.extracted_Non_weightedLogTransformed_HistogramReadlength.html",
                "ERR9958133/cdna/qc/nanoplot/post_extract/ERR9958133.cdna.extracted_WeightedHistogramReadlength.html",
                "ERR9958133/cdna/qc/nanoplot/post_extract/ERR9958133.cdna.extracted_WeightedLogTransformed_HistogramReadlength.html",
                "ERR9958133/cdna/qc/nanoplot/post_extract/ERR9958133.cdna.extracted_Yield_By_Length.html",
                "ERR9958133/cdna/qc/nanoplot/post_trim",
                "ERR9958133/cdna/qc/nanoplot/post_trim/ERR9958133.cdna.trimmed_LengthvsQualityScatterPlot_dot.html",
                "ERR9958133/cdna/qc/nanoplot/post_trim/ERR9958133.cdna.trimmed_LengthvsQualityScatterPlot_kde.html",
                "ERR9958133/cdna/qc/nanoplot/post_trim/ERR9958133.cdna.trimmed_NanoPlot-report.html",
                "ERR9958133/cdna/qc/nanoplot/post_trim/ERR9958133.cdna.trimmed_NanoStats.txt",
                "ERR9958133/cdna/qc/nanoplot/post_trim/ERR9958133.cdna.trimmed_Non_weightedHistogramReadlength.html",
                "ERR9958133/cdna/qc/nanoplot/post_trim/ERR9958133.cdna.trimmed_Non_weightedLogTransformed_HistogramReadlength.html",
                "ERR9958133/cdna/qc/nanoplot/post_trim/ERR9958133.cdna.trimmed_WeightedHistogramReadlength.html",
                "ERR9958133/cdna/qc/nanoplot/post_trim/ERR9958133.cdna.trimmed_WeightedLogTransformed_HistogramReadlength.html",
                "ERR9958133/cdna/qc/nanoplot/post_trim/ERR9958133.cdna.trimmed_Yield_By_Length.html",
                "ERR9958133/cdna/qc/nanoplot/pre_trim",
                "ERR9958133/cdna/qc/nanoplot/pre_trim/ERR9958133.cdna.raw_LengthvsQualityScatterPlot_dot.html",
                "ERR9958133/cdna/qc/nanoplot/pre_trim/ERR9958133.cdna.raw_LengthvsQualityScatterPlot_kde.html",
                "ERR9958133/cdna/qc/nanoplot/pre_trim/ERR9958133.cdna.raw_NanoPlot-report.html",
                "ERR9958133/cdna/qc/nanoplot/pre_trim/ERR9958133.cdna.raw_NanoStats.txt",
                "ERR9958133/cdna/qc/nanoplot/pre_trim/ERR9958133.cdna.raw_Non_weightedHistogramReadlength.html",
                "ERR9958133/cdna/qc/nanoplot/pre_trim/ERR9958133.cdna.raw_Non_weightedLogTransformed_HistogramReadlength.html",
                "ERR9958133/cdna/qc/nanoplot/pre_trim/ERR9958133.cdna.raw_WeightedHistogramReadlength.html",
                "ERR9958133/cdna/qc/nanoplot/pre_trim/ERR9958133.cdna.raw_WeightedLogTransformed_HistogramReadlength.html",
                "ERR9958133/cdna/qc/nanoplot/pre_trim/ERR9958133.cdna.raw_Yield_By_Length.html",
                "ERR9958134",
                "ERR9958134/cdna",
                "ERR9958134/cdna/flexiplex",
                "ERR9958134/cdna/flexiplex/ERR9958134.cdna_known_barcodes.txt",
                "ERR9958134/cdna/flexiplex/ERR9958134_barcodes_counts.txt",
                "ERR9958134/cdna/genome",
                "ERR9958134/cdna/genome/bam",
                "ERR9958134/cdna/genome/bam/dedup",
                "ERR9958134/cdna/genome/bam/dedup/ERR9958134.cdna.genome.dedup.bam",
                "ERR9958134/cdna/genome/bam/dedup/ERR9958134.cdna.genome.dedup.bam.bai",
                "ERR9958134/cdna/genome/bam/mapped_only",
                "ERR9958134/cdna/genome/bam/mapped_only/ERR9958134.cdna.genome_mapped_only.sorted.bam",
                "ERR9958134/cdna/genome/bam/mapped_only/ERR9958134.cdna.genome_mapped_only.sorted.bam.bai",
                "ERR9958134/cdna/genome/bam/original",
                "ERR9958134/cdna/genome/bam/original/ERR9958134.cdna.genome.sorted.bam",
                "ERR9958134/cdna/genome/bam/original/ERR9958134.cdna.genome.sorted.bam.bai",
                "ERR9958134/cdna/genome/isoquant",
                "ERR9958134/cdna/genome/isoquant/ERR9958134.cdna",
                "ERR9958134/cdna/genome/isoquant/ERR9958134.cdna/ERR9958134.cdna",
                "ERR9958134/cdna/genome/isoquant/ERR9958134.cdna/ERR9958134.cdna/ERR9958134.cdna.gene_grouped_tag_CB_counts.barcodes.tsv",
                "ERR9958134/cdna/genome/isoquant/ERR9958134.cdna/ERR9958134.cdna/ERR9958134.cdna.gene_grouped_tag_CB_counts.features.tsv",
                "ERR9958134/cdna/genome/isoquant/ERR9958134.cdna/ERR9958134.cdna/ERR9958134.cdna.gene_grouped_tag_CB_counts.matrix.mtx",
                "ERR9958134/cdna/genome/isoquant/ERR9958134.cdna/ERR9958134.cdna/ERR9958134.cdna.transcript_grouped_tag_CB_counts.barcodes.tsv",
                "ERR9958134/cdna/genome/isoquant/ERR9958134.cdna/ERR9958134.cdna/ERR9958134.cdna.transcript_grouped_tag_CB_counts.features.tsv",
                "ERR9958134/cdna/genome/isoquant/ERR9958134.cdna/ERR9958134.cdna/ERR9958134.cdna.transcript_grouped_tag_CB_counts.matrix.mtx",
                "ERR9958134/cdna/genome/isoquant_all_droplets",
                "ERR9958134/cdna/genome/isoquant_all_droplets/ERR9958134.cdna.all_droplets",
                "ERR9958134/cdna/genome/isoquant_all_droplets/ERR9958134.cdna.all_droplets/ERR9958134.cdna.all_droplets",
                "ERR9958134/cdna/genome/isoquant_all_droplets/ERR9958134.cdna.all_droplets/ERR9958134.cdna.all_droplets/ERR9958134.cdna.all_droplets.gene_grouped_tag_XB_counts.barcodes.tsv",
                "ERR9958134/cdna/genome/isoquant_all_droplets/ERR9958134.cdna.all_droplets/ERR9958134.cdna.all_droplets/ERR9958134.cdna.all_droplets.gene_grouped_tag_XB_counts.features.tsv",
                "ERR9958134/cdna/genome/isoquant_all_droplets/ERR9958134.cdna.all_droplets/ERR9958134.cdna.all_droplets/ERR9958134.cdna.all_droplets.gene_grouped_tag_XB_counts.matrix.mtx",
                "ERR9958134/cdna/genome/isoquant_all_droplets/ERR9958134.cdna.all_droplets/ERR9958134.cdna.all_droplets/ERR9958134.cdna.all_droplets.transcript_grouped_tag_XB_counts.barcodes.tsv",
                "ERR9958134/cdna/genome/isoquant_all_droplets/ERR9958134.cdna.all_droplets/ERR9958134.cdna.all_droplets/ERR9958134.cdna.all_droplets.transcript_grouped_tag_XB_counts.features.tsv",
                "ERR9958134/cdna/genome/isoquant_all_droplets/ERR9958134.cdna.all_droplets/ERR9958134.cdna.all_droplets/ERR9958134.cdna.all_droplets.transcript_grouped_tag_XB_counts.matrix.mtx",
                "ERR9958134/cdna/genome/qc",
                "ERR9958134/cdna/genome/qc/gene_assignment",
                "ERR9958134/cdna/genome/qc/gene_assignment/ERR9958134.cdna.genome.gene_assignment.tsv",
                "ERR9958134/cdna/genome/qc/rseqc",
                "ERR9958134/cdna/genome/qc/rseqc/ERR9958134.read_distribution.txt",
                "ERR9958134/cdna/genome/qc/samtools",
                "ERR9958134/cdna/genome/qc/samtools/dedup",
                "ERR9958134/cdna/genome/qc/samtools/dedup/ERR9958134.cdna.genome.umitools_dedup.flagstat",
                "ERR9958134/cdna/genome/qc/samtools/dedup/ERR9958134.cdna.genome.umitools_dedup.idxstats",
                "ERR9958134/cdna/genome/qc/samtools/dedup/ERR9958134.cdna.genome.umitools_dedup.stats",
                "ERR9958134/cdna/genome/qc/samtools/mapped_only",
                "ERR9958134/cdna/genome/qc/samtools/mapped_only/ERR9958134.cdna.genome.mapped_only.flagstat",
                "ERR9958134/cdna/genome/qc/samtools/mapped_only/ERR9958134.cdna.genome.mapped_only.idxstats",
                "ERR9958134/cdna/genome/qc/samtools/mapped_only/ERR9958134.cdna.genome.mapped_only.stats",
                "ERR9958134/cdna/genome/qc/samtools/minimap",
                "ERR9958134/cdna/genome/qc/samtools/minimap/ERR9958134.cdna.genome.minimap.flagstat",
                "ERR9958134/cdna/genome/qc/samtools/minimap/ERR9958134.cdna.genome.minimap.idxstats",
                "ERR9958134/cdna/genome/qc/samtools/minimap/ERR9958134.cdna.genome.minimap.stats",
                "ERR9958134/cdna/qc",
                "ERR9958134/cdna/qc/nanoplot",
                "ERR9958134/cdna/qc/nanoplot/post_extract",
                "ERR9958134/cdna/qc/nanoplot/post_extract/ERR9958134.cdna.extracted_LengthvsQualityScatterPlot_dot.html",
                "ERR9958134/cdna/qc/nanoplot/post_extract/ERR9958134.cdna.extracted_LengthvsQualityScatterPlot_kde.html",
                "ERR9958134/cdna/qc/nanoplot/post_extract/ERR9958134.cdna.extracted_NanoPlot-report.html",
                "ERR9958134/cdna/qc/nanoplot/post_extract/ERR9958134.cdna.extracted_NanoStats.txt",
                "ERR9958134/cdna/qc/nanoplot/post_extract/ERR9958134.cdna.extracted_Non_weightedHistogramReadlength.html",
                "ERR9958134/cdna/qc/nanoplot/post_extract/ERR9958134.cdna.extracted_Non_weightedLogTransformed_HistogramReadlength.html",
                "ERR9958134/cdna/qc/nanoplot/post_extract/ERR9958134.cdna.extracted_WeightedHistogramReadlength.html",
                "ERR9958134/cdna/qc/nanoplot/post_extract/ERR9958134.cdna.extracted_WeightedLogTransformed_HistogramReadlength.html",
                "ERR9958134/cdna/qc/nanoplot/post_extract/ERR9958134.cdna.extracted_Yield_By_Length.html",
                "ERR9958134/cdna/qc/nanoplot/post_trim",
                "ERR9958134/cdna/qc/nanoplot/post_trim/ERR9958134.cdna.trimmed_LengthvsQualityScatterPlot_dot.html",
                "ERR9958134/cdna/qc/nanoplot/post_trim/ERR9958134.cdna.trimmed_LengthvsQualityScatterPlot_kde.html",
                "ERR9958134/cdna/qc/nanoplot/post_trim/ERR9958134.cdna.trimmed_NanoPlot-report.html",
                "ERR9958134/cdna/qc/nanoplot/post_trim/ERR9958134.cdna.trimmed_NanoStats.txt",
                "ERR9958134/cdna/qc/nanoplot/post_trim/ERR9958134.cdna.trimmed_Non_weightedHistogramReadlength.html",
                "ERR9958134/cdna/qc/nanoplot/post_trim/ERR9958134.cdna.trimmed_Non_weightedLogTransformed_HistogramReadlength.html",
                "ERR9958134/cdna/qc/nanoplot/post_trim/ERR9958134.cdna.trimmed_WeightedHistogramReadlength.html",
                "ERR9958134/cdna/qc/nanoplot/post_trim/ERR9958134.cdna.trimmed_WeightedLogTransformed_HistogramReadlength.html",
                "ERR9958134/cdna/qc/nanoplot/post_trim/ERR9958134.cdna.trimmed_Yield_By_Length.html",
                "ERR9958134/cdna/qc/nanoplot/pre_trim",
                "ERR9958134/cdna/qc/nanoplot/pre_trim/ERR9958134.cdna.raw_LengthvsQualityScatterPlot_dot.html",
                "ERR9958134/cdna/qc/nanoplot/pre_trim/ERR9958134.cdna.raw_LengthvsQualityScatterPlot_kde.html",
                "ERR9958134/cdna/qc/nanoplot/pre_trim/ERR9958134.cdna.raw_NanoPlot-report.html",
                "ERR9958134/cdna/qc/nanoplot/pre_trim/ERR9958134.cdna.raw_NanoStats.txt",
                "ERR9958134/cdna/qc/nanoplot/pre_trim/ERR9958134.cdna.raw_Non_weightedHistogramReadlength.html",
                "ERR9958134/cdna/qc/nanoplot/pre_trim/ERR9958134.cdna.raw_Non_weightedLogTransformed_HistogramReadlength.html",
                "ERR9958134/cdna/qc/nanoplot/pre_trim/ERR9958134.cdna.raw_WeightedHistogramReadlength.html",
                "ERR9958134/cdna/qc/nanoplot/pre_trim/ERR9958134.cdna.raw_WeightedLogTransformed_HistogramReadlength.html",
                "ERR9958134/cdna/qc/nanoplot/pre_trim/ERR9958134.cdna.raw_Yield_By_Length.html",
                "batch_qcs",
                "batch_qcs/multiqc",
                "batch_qcs/multiqc/final_qc",
                "batch_qcs/multiqc/final_qc/multiqc_data",
                "batch_qcs/multiqc/final_qc/multiqc_data/llms-full.txt",
                "batch_qcs/multiqc/final_qc/multiqc_data/multiqc.log",
                "batch_qcs/multiqc/final_qc/multiqc_data/multiqc.parquet",
                "batch_qcs/multiqc/final_qc/multiqc_data/multiqc_citations.txt",
                "batch_qcs/multiqc/final_qc/multiqc_data/multiqc_data.json",
                "batch_qcs/multiqc/final_qc/multiqc_data/multiqc_general_stats.txt",
                "batch_qcs/multiqc/final_qc/multiqc_data/multiqc_read_counts_module.txt",
                "batch_qcs/multiqc/final_qc/multiqc_data/multiqc_rseqc_read_distribution.txt",
                "batch_qcs/multiqc/final_qc/multiqc_data/multiqc_samtools_flagstat.txt",
                "batch_qcs/multiqc/final_qc/multiqc_data/multiqc_samtools_idxstats.txt",
                "batch_qcs/multiqc/final_qc/multiqc_data/multiqc_software_versions.txt",
                "batch_qcs/multiqc/final_qc/multiqc_data/multiqc_sources.txt",
                "batch_qcs/multiqc/final_qc/multiqc_data/rseqc_read_distribution_plot.txt",
                "batch_qcs/multiqc/final_qc/multiqc_data/samtools-flagstat-pct-table.txt",
                "batch_qcs/multiqc/final_qc/multiqc_data/samtools-flagstat-table.txt",
                "batch_qcs/multiqc/final_qc/multiqc_data/samtools-idxstats-mapped-reads-plot_Normalised_Counts.txt",
                "batch_qcs/multiqc/final_qc/multiqc_data/samtools-idxstats-mapped-reads-plot_Observed_over_Expected_Counts.txt",
                "batch_qcs/multiqc/final_qc/multiqc_data/samtools-idxstats-mapped-reads-plot_Raw_Counts.txt",
                "batch_qcs/multiqc/final_qc/multiqc_plots",
                "batch_qcs/multiqc/final_qc/multiqc_plots/pdf",
                "batch_qcs/multiqc/final_qc/multiqc_plots/pdf/read_counts_module.pdf",
                "batch_qcs/multiqc/final_qc/multiqc_plots/pdf/rseqc_read_distribution_plot-cnt.pdf",
                "batch_qcs/multiqc/final_qc/multiqc_plots/pdf/rseqc_read_distribution_plot-pct.pdf",
                "batch_qcs/multiqc/final_qc/multiqc_plots/pdf/samtools-flagstat-pct-table.pdf",
                "batch_qcs/multiqc/final_qc/multiqc_plots/pdf/samtools-flagstat-table.pdf",
                "batch_qcs/multiqc/final_qc/multiqc_plots/pdf/samtools-idxstats-mapped-reads-plot_Normalised_Counts-cnt.pdf",
                "batch_qcs/multiqc/final_qc/multiqc_plots/pdf/samtools-idxstats-mapped-reads-plot_Normalised_Counts-log.pdf",
                "batch_qcs/multiqc/final_qc/multiqc_plots/pdf/samtools-idxstats-mapped-reads-plot_Observed_over_Expected_Counts-cnt.pdf",
                "batch_qcs/multiqc/final_qc/multiqc_plots/pdf/samtools-idxstats-mapped-reads-plot_Observed_over_Expected_Counts-log.pdf",
                "batch_qcs/multiqc/final_qc/multiqc_plots/pdf/samtools-idxstats-mapped-reads-plot_Raw_Counts-cnt.pdf",
                "batch_qcs/multiqc/final_qc/multiqc_plots/pdf/samtools-idxstats-mapped-reads-plot_Raw_Counts-log.pdf",
                "batch_qcs/multiqc/final_qc/multiqc_plots/png",
                "batch_qcs/multiqc/final_qc/multiqc_plots/png/read_counts_module.png",
                "batch_qcs/multiqc/final_qc/multiqc_plots/png/rseqc_read_distribution_plot-cnt.png",
                "batch_qcs/multiqc/final_qc/multiqc_plots/png/rseqc_read_distribution_plot-pct.png",
                "batch_qcs/multiqc/final_qc/multiqc_plots/png/samtools-flagstat-pct-table.png",
                "batch_qcs/multiqc/final_qc/multiqc_plots/png/samtools-flagstat-table.png",
                "batch_qcs/multiqc/final_qc/multiqc_plots/png/samtools-idxstats-mapped-reads-plot_Normalised_Counts-cnt.png",
                "batch_qcs/multiqc/final_qc/multiqc_plots/png/samtools-idxstats-mapped-reads-plot_Normalised_Counts-log.png",
                "batch_qcs/multiqc/final_qc/multiqc_plots/png/samtools-idxstats-mapped-reads-plot_Observed_over_Expected_Counts-cnt.png",
                "batch_qcs/multiqc/final_qc/multiqc_plots/png/samtools-idxstats-mapped-reads-plot_Observed_over_Expected_Counts-log.png",
                "batch_qcs/multiqc/final_qc/multiqc_plots/png/samtools-idxstats-mapped-reads-plot_Raw_Counts-cnt.png",
                "batch_qcs/multiqc/final_qc/multiqc_plots/png/samtools-idxstats-mapped-reads-plot_Raw_Counts-log.png",
                "batch_qcs/multiqc/final_qc/multiqc_plots/svg",
                "batch_qcs/multiqc/final_qc/multiqc_plots/svg/read_counts_module.svg",
                "batch_qcs/multiqc/final_qc/multiqc_plots/svg/rseqc_read_distribution_plot-cnt.svg",
                "batch_qcs/multiqc/final_qc/multiqc_plots/svg/rseqc_read_distribution_plot-pct.svg",
                "batch_qcs/multiqc/final_qc/multiqc_plots/svg/samtools-flagstat-pct-table.svg",
                "batch_qcs/multiqc/final_qc/multiqc_plots/svg/samtools-flagstat-table.svg",
                "batch_qcs/multiqc/final_qc/multiqc_plots/svg/samtools-idxstats-mapped-reads-plot_Normalised_Counts-cnt.svg",
                "batch_qcs/multiqc/final_qc/multiqc_plots/svg/samtools-idxstats-mapped-reads-plot_Normalised_Counts-log.svg",
                "batch_qcs/multiqc/final_qc/multiqc_plots/svg/samtools-idxstats-mapped-reads-plot_Observed_over_Expected_Counts-cnt.svg",
                "batch_qcs/multiqc/final_qc/multiqc_plots/svg/samtools-idxstats-mapped-reads-plot_Observed_over_Expected_Counts-log.svg",
                "batch_qcs/multiqc/final_qc/multiqc_plots/svg/samtools-idxstats-mapped-reads-plot_Raw_Counts-cnt.svg",
                "batch_qcs/multiqc/final_qc/multiqc_plots/svg/samtools-idxstats-mapped-reads-plot_Raw_Counts-log.svg",
                "batch_qcs/multiqc/final_qc/multiqc_report.html",
                "batch_qcs/read_counts",
                "batch_qcs/read_counts/read_counts.csv",
                "pipeline_info",
                "pipeline_info/nf_core_scnanoseq_software_mqc_versions.yml"
            ],
            [
                "ERR9958133.cdna_known_barcodes.txt:md5,5066d9483f2a949505c22da29f5d7c5c",
                "ERR9958133_barcodes_counts.txt:md5,6d5cb3d3688033996a2eb5f975e54351",
                "ERR9958133.cdna.gene_grouped_tag_CB_counts.barcodes.tsv:md5,63c354a462cbb4ddbc07e2f22de5a35e",
                "ERR9958133.cdna.gene_grouped_tag_CB_counts.features.tsv:md5,b4a3bb4a4fadf487dab042cb1dd94f97",
                "ERR9958133.cdna.gene_grouped_tag_CB_counts.matrix.mtx:md5,2213c2b8ec04893830a0d0d0f2720a9a",
                "ERR9958133.cdna.transcript_grouped_tag_CB_counts.barcodes.tsv:md5,4e28513020d2302e1a09e9eae25ad23e",
                "ERR9958133.cdna.transcript_grouped_tag_CB_counts.features.tsv:md5,a7bad386720fb808c51ccb80603c11f4",
                "ERR9958133.cdna.transcript_grouped_tag_CB_counts.matrix.mtx:md5,5af6789a18632197989d5f7428eb2226",
                "ERR9958133.cdna.all_droplets.gene_grouped_tag_XB_counts.barcodes.tsv:md5,08362c20929746cf6959e5b09d76917d",
                "ERR9958133.cdna.all_droplets.gene_grouped_tag_XB_counts.features.tsv:md5,b4a3bb4a4fadf487dab042cb1dd94f97",
                "ERR9958133.cdna.all_droplets.gene_grouped_tag_XB_counts.matrix.mtx:md5,c72362a1040e04abffaa0743e71b855f",
                "ERR9958133.cdna.all_droplets.transcript_grouped_tag_XB_counts.barcodes.tsv:md5,e1d27283dca283d734eecf0844834239",
                "ERR9958133.cdna.all_droplets.transcript_grouped_tag_XB_counts.features.tsv:md5,a7bad386720fb808c51ccb80603c11f4",
                "ERR9958133.cdna.all_droplets.transcript_grouped_tag_XB_counts.matrix.mtx:md5,debc815b0f6a2e25a3c1c9b7840fcf00",
                "ERR9958133.cdna.genome.gene_assignment.tsv:md5,2ae079e3da83876a68985fe21ae4e359",
                "ERR9958133.read_distribution.txt:md5,7af2545f82a424cbce229dc8c446df46",
                "ERR9958133.cdna.genome.umitools_dedup.flagstat:md5,902ca4dedf81e7b95475970201f9e954",
                "ERR9958133.cdna.genome.umitools_dedup.idxstats:md5,1ac7adb7c098f989982cdebcb8e68eff",
                "ERR9958133.cdna.genome.umitools_dedup.stats:md5,ac3e0ae5916d1dd1c913856becb860cd",
                "ERR9958133.cdna.genome.mapped_only.flagstat:md5,010870f3b4e914e70c9f602d6c213200",
                "ERR9958133.cdna.genome.mapped_only.idxstats:md5,68b8234af5bc3be4840368a5268a0387",
                "ERR9958133.cdna.genome.mapped_only.stats:md5,004f155a7ccd93150db90954530d0a17",
                "ERR9958133.cdna.genome.minimap.flagstat:md5,6f8b83fe52814bc3e97f451f8a4fd7d2",
                "ERR9958133.cdna.genome.minimap.idxstats:md5,43173b72bebd33f85418a310225ffed2",
                "ERR9958133.cdna.genome.minimap.stats:md5,4461909cb774938131f059877cf5b3c6",
                "ERR9958133.cdna.extracted_NanoStats.txt:md5,d116ea67bcd87eb30b19183b2bcde68a",
                "ERR9958133.cdna.trimmed_NanoStats.txt:md5,acfd13fa4c8ed1cf20bfa544cb19804c",
                "ERR9958133.cdna.raw_NanoStats.txt:md5,27e01d4465515b66f3a18cc1e585000d",
                "ERR9958134.cdna_known_barcodes.txt:md5,7befaf7b86b5a100dcc2ac56a8828521",
                "ERR9958134_barcodes_counts.txt:md5,00beab69eb6da13133f4406c2826c062",
                "ERR9958134.cdna.gene_grouped_tag_CB_counts.barcodes.tsv:md5,f955ed53a5a0824b90c4024793f4dc60",
                "ERR9958134.cdna.gene_grouped_tag_CB_counts.features.tsv:md5,4ed4028d4218554420a7f48211f4c2ab",
                "ERR9958134.cdna.gene_grouped_tag_CB_counts.matrix.mtx:md5,c76cf55ef30c7fc33928e7de4416827c",
                "ERR9958134.cdna.transcript_grouped_tag_CB_counts.barcodes.tsv:md5,29ec3f523cb0b055d9b8f36a6300b455",
                "ERR9958134.cdna.transcript_grouped_tag_CB_counts.features.tsv:md5,a393fe1367e843d477507109fec844c4",
                "ERR9958134.cdna.transcript_grouped_tag_CB_counts.matrix.mtx:md5,ed6a5351e3236628b9dbcf277313b6c8",
                "ERR9958134.cdna.all_droplets.gene_grouped_tag_XB_counts.barcodes.tsv:md5,e8862d50508065473793bec8437fc37b",
                "ERR9958134.cdna.all_droplets.gene_grouped_tag_XB_counts.features.tsv:md5,4ed4028d4218554420a7f48211f4c2ab",
                "ERR9958134.cdna.all_droplets.gene_grouped_tag_XB_counts.matrix.mtx:md5,7c0fd952543740c1726d3aab01c0b41a",
                "ERR9958134.cdna.all_droplets.transcript_grouped_tag_XB_counts.barcodes.tsv:md5,ba79acbc33aebe0f25099fb862174411",
                "ERR9958134.cdna.all_droplets.transcript_grouped_tag_XB_counts.features.tsv:md5,a393fe1367e843d477507109fec844c4",
                "ERR9958134.cdna.all_droplets.transcript_grouped_tag_XB_counts.matrix.mtx:md5,80bce071de285d10d6e67acdc8c264a2",
                "ERR9958134.cdna.genome.gene_assignment.tsv:md5,39040005bac16ca5a80c2fc5f61c2cae",
                "ERR9958134.read_distribution.txt:md5,0dc3caa2672265c03e6aeac713bcf547",
                "ERR9958134.cdna.genome.umitools_dedup.flagstat:md5,efb158d46fb2e37b39d97f45098ada91",
                "ERR9958134.cdna.genome.umitools_dedup.idxstats:md5,98c1d5eac65b99278c1927ccdfe1e997",
                "ERR9958134.cdna.genome.umitools_dedup.stats:md5,89ef7d15a8940864c6bb9f105cbba27f",
                "ERR9958134.cdna.genome.mapped_only.flagstat:md5,28d44eb6bba0732fe9daa4d5868fd86c",
                "ERR9958134.cdna.genome.mapped_only.idxstats:md5,6da2349273e4ec7a5ff3c6bcf099fb09",
                "ERR9958134.cdna.genome.mapped_only.stats:md5,411b0e1d9c1be56139943286ae238b02",
                "ERR9958134.cdna.genome.minimap.flagstat:md5,f3b08b4cb9e8eca9267049bb72a0e5cd",
                "ERR9958134.cdna.genome.minimap.idxstats:md5,e1bec6e09f481b2941445c9d21495973",
                "ERR9958134.cdna.genome.minimap.stats:md5,b809d093268ace1be1447de6b6713626",
                "ERR9958134.cdna.extracted_NanoStats.txt:md5,700357b3a6cfc56f536c8c8fd29bc8f0",
                "ERR9958134.cdna.trimmed_NanoStats.txt:md5,df1ce9b8bcee5e6f87a14266f7c773e8",
                "ERR9958134.cdna.raw_NanoStats.txt:md5,df1ce9b8bcee5e6f87a14266f7c773e8",
                "multiqc_citations.txt:md5,0cbf715762a381270e777a24df0d0c75",
                "multiqc_general_stats.txt:md5,c9344380b3d01b1ad4e903670e2886af",
                "multiqc_read_counts_module.txt:md5,1512830cfe3085513e632c211a25f545",
                "multiqc_rseqc_read_distribution.txt:md5,76d2e136154cd8a2f9aeb1f3a38693be",
                "multiqc_samtools_flagstat.txt:md5,e1c347c182c70e5ac21723469195f3ec",
                "multiqc_samtools_idxstats.txt:md5,3635dcc7386c8fb61bcfb4041021e2aa",
                "rseqc_read_distribution_plot.txt:md5,bc0f296df514ae5720103da2849431fd",
                "samtools-flagstat-pct-table.txt:md5,042f698ceac85dc917513c1c0750aa8e",
                "samtools-flagstat-table.txt:md5,b3efc70feb7be1b1937577961a465209",
                "samtools-idxstats-mapped-reads-plot_Normalised_Counts.txt:md5,872d0a25e6a6910f8872931d19c38883",
                "samtools-idxstats-mapped-reads-plot_Observed_over_Expected_Counts.txt:md5,872d0a25e6a6910f8872931d19c38883",
                "samtools-idxstats-mapped-reads-plot_Raw_Counts.txt:md5,709feb01f857918996d2f8294d549b84",
                "read_counts.csv:md5,582d4afccfa579c7c50712a185b65674"
            ]
        ],
        "timestamp": "2026-08-27T13:08:49.595238544",
        "meta": {
            "nf-test": "0.9.4",
            "nextflow": "26.04.3"
        }
    }
}