{
    "-profile test": {
        "content": [
            {
                "BAMTOOLS_SPLIT": {
                    "bamtools": "2.5.2"
                },
                "BLAZE": {
                    "blaze": "2.5.1"
                },
                "CHOPPER": {
                    "chopper": "0.10.0"
                },
                "CORRECT_BARCODES": {
                    "python": "3.10.8"
                },
                "CSVTK_CONCAT": {
                    "csvtk": "0.37.0"
                },
                "GENOME_FAIDX": {
                    "samtools": "1.22.1"
                },
                "ISOQUANT": {
                    "isoquant": "3.13.0"
                },
                "MINIMAP2_ALIGN": {
                    "minimap2": "2.29-r1283"
                },
                "PREEXTRACT_FASTQ": {
                    "python": "3.10.8"
                },
                "READ_COUNTS": {
                    "perl": "5.26.2"
                },
                "RSEQC_READDISTRIBUTION": {
                    "rseqc": "5.0.4"
                },
                "SAMTOOLS_FILTER_MAPPED": {
                    "samtools": "1.22.1"
                },
                "SAMTOOLS_FLAGSTAT": {
                    "samtools": "1.22.1"
                },
                "SAMTOOLS_FLAGSTAT_TAGGED": {
                    "samtools": "1.22.1"
                },
                "SAMTOOLS_IDXSTATS": {
                    "samtools": "1.22.1"
                },
                "SAMTOOLS_INDEX": {
                    "samtools": "1.22.1"
                },
                "SAMTOOLS_INDEX_DEDUP": {
                    "samtools": "1.22.1"
                },
                "SAMTOOLS_INDEX_MERGED": {
                    "samtools": "1.22.1"
                },
                "SAMTOOLS_INDEX_TAGGED": {
                    "samtools": "1.22.1"
                },
                "SAMTOOLS_MERGE": {
                    "samtools": "1.22.1"
                },
                "SAMTOOLS_SORT": {
                    "samtools": "1.22.1"
                },
                "SAMTOOLS_STATS": {
                    "samtools": "1.22.1"
                },
                "SEURAT": {
                    "r-base": "4.2.2",
                    "r-seurat": "4.1.1"
                },
                "TAG_BARCODES": {
                    "python": "3.10.6"
                },
                "UCSC_GENEPREDTOBED": {
                    "ucsc": 447
                },
                "UCSC_GTFTOGENEPRED": {
                    "ucsc": 482
                },
                "UMITOOLS_DEDUP": {
                    "umitools": "1.1.6"
                },
                "Workflow": {
                    "nf-core/scnanoseq": "v1.3.0"
                }
            },
            [
                "ERR9958133",
                "ERR9958133/blaze",
                "ERR9958133/blaze/ERR9958133.bc_count.txt",
                "ERR9958133/blaze/ERR9958133.knee_plot.png",
                "ERR9958133/blaze/ERR9958133.putative_bc.no_header.csv",
                "ERR9958133/blaze/ERR9958133.whitelist.csv",
                "ERR9958133/genome",
                "ERR9958133/genome/bam",
                "ERR9958133/genome/bam/barcode_tagged",
                "ERR9958133/genome/bam/barcode_tagged/ERR9958133.tagged.bam",
                "ERR9958133/genome/bam/barcode_tagged/ERR9958133.tagged.bam.bai",
                "ERR9958133/genome/bam/dedup",
                "ERR9958133/genome/bam/dedup/ERR9958133.genome.dedup.bam",
                "ERR9958133/genome/bam/dedup/ERR9958133.genome.dedup.bam.bai",
                "ERR9958133/genome/bam/mapped_only",
                "ERR9958133/genome/bam/mapped_only/ERR9958133.genome_mapped_only.sorted.bam",
                "ERR9958133/genome/bam/mapped_only/ERR9958133.genome_mapped_only.sorted.bam.bai",
                "ERR9958133/genome/bam/original",
                "ERR9958133/genome/bam/original/ERR9958133.genome.sorted.bam",
                "ERR9958133/genome/bam/original/ERR9958133.genome.sorted.bam.bai",
                "ERR9958133/genome/isoquant",
                "ERR9958133/genome/isoquant/ERR9958133.gene_grouped_tag_CB_counts.barcodes.tsv",
                "ERR9958133/genome/isoquant/ERR9958133.gene_grouped_tag_CB_counts.features.tsv",
                "ERR9958133/genome/isoquant/ERR9958133.gene_grouped_tag_CB_counts.matrix.mtx",
                "ERR9958133/genome/isoquant/ERR9958133.transcript_grouped_tag_CB_counts.barcodes.tsv",
                "ERR9958133/genome/isoquant/ERR9958133.transcript_grouped_tag_CB_counts.features.tsv",
                "ERR9958133/genome/isoquant/ERR9958133.transcript_grouped_tag_CB_counts.matrix.mtx",
                "ERR9958133/genome/qc",
                "ERR9958133/genome/qc/rseqc",
                "ERR9958133/genome/qc/rseqc/ERR9958133.read_distribution.txt",
                "ERR9958133/genome/qc/samtools",
                "ERR9958133/genome/qc/samtools/dedup",
                "ERR9958133/genome/qc/samtools/dedup/ERR9958133.genome.umitools_dedup.flagstat",
                "ERR9958133/genome/qc/samtools/dedup/ERR9958133.genome.umitools_dedup.idxstats",
                "ERR9958133/genome/qc/samtools/dedup/ERR9958133.genome.umitools_dedup.stats",
                "ERR9958133/genome/qc/samtools/mapped_only",
                "ERR9958133/genome/qc/samtools/mapped_only/ERR9958133.genome.mapped_only.flagstat",
                "ERR9958133/genome/qc/samtools/mapped_only/ERR9958133.genome.mapped_only.idxstats",
                "ERR9958133/genome/qc/samtools/mapped_only/ERR9958133.genome.mapped_only.stats",
                "ERR9958133/genome/qc/samtools/minimap",
                "ERR9958133/genome/qc/samtools/minimap/ERR9958133.genome.minimap.flagstat",
                "ERR9958133/genome/qc/samtools/minimap/ERR9958133.genome.minimap.idxstats",
                "ERR9958133/genome/qc/samtools/minimap/ERR9958133.genome.minimap.stats",
                "ERR9958133/genome/qc/seurat_isoquant",
                "ERR9958133/genome/qc/seurat_isoquant/gene",
                "ERR9958133/genome/qc/seurat_isoquant/gene/ERR9958133.csv",
                "ERR9958133/genome/qc/seurat_isoquant/gene/ERR9958133.png",
                "ERR9958133/genome/qc/seurat_isoquant/gene/ERR9958133_seurat.rds",
                "ERR9958133/genome/qc/seurat_isoquant/transcript",
                "ERR9958133/genome/qc/seurat_isoquant/transcript/ERR9958133.csv",
                "ERR9958133/genome/qc/seurat_isoquant/transcript/ERR9958133.png",
                "ERR9958133/genome/qc/seurat_isoquant/transcript/ERR9958133_seurat.rds",
                "ERR9958133/qc",
                "ERR9958133/qc/nanoplot",
                "ERR9958133/qc/nanoplot/post_extract",
                "ERR9958133/qc/nanoplot/post_extract/ERR9958133.extracted_LengthvsQualityScatterPlot_dot.html",
                "ERR9958133/qc/nanoplot/post_extract/ERR9958133.extracted_LengthvsQualityScatterPlot_kde.html",
                "ERR9958133/qc/nanoplot/post_extract/ERR9958133.extracted_NanoPlot-report.html",
                "ERR9958133/qc/nanoplot/post_extract/ERR9958133.extracted_NanoStats.txt",
                "ERR9958133/qc/nanoplot/post_extract/ERR9958133.extracted_Non_weightedHistogramReadlength.html",
                "ERR9958133/qc/nanoplot/post_extract/ERR9958133.extracted_Non_weightedLogTransformed_HistogramReadlength.html",
                "ERR9958133/qc/nanoplot/post_extract/ERR9958133.extracted_WeightedHistogramReadlength.html",
                "ERR9958133/qc/nanoplot/post_extract/ERR9958133.extracted_WeightedLogTransformed_HistogramReadlength.html",
                "ERR9958133/qc/nanoplot/post_extract/ERR9958133.extracted_Yield_By_Length.html",
                "ERR9958133/qc/nanoplot/post_trim",
                "ERR9958133/qc/nanoplot/post_trim/ERR9958133.trimmed_LengthvsQualityScatterPlot_dot.html",
                "ERR9958133/qc/nanoplot/post_trim/ERR9958133.trimmed_LengthvsQualityScatterPlot_kde.html",
                "ERR9958133/qc/nanoplot/post_trim/ERR9958133.trimmed_NanoPlot-report.html",
                "ERR9958133/qc/nanoplot/post_trim/ERR9958133.trimmed_NanoStats.txt",
                "ERR9958133/qc/nanoplot/post_trim/ERR9958133.trimmed_Non_weightedHistogramReadlength.html",
                "ERR9958133/qc/nanoplot/post_trim/ERR9958133.trimmed_Non_weightedLogTransformed_HistogramReadlength.html",
                "ERR9958133/qc/nanoplot/post_trim/ERR9958133.trimmed_WeightedHistogramReadlength.html",
                "ERR9958133/qc/nanoplot/post_trim/ERR9958133.trimmed_WeightedLogTransformed_HistogramReadlength.html",
                "ERR9958133/qc/nanoplot/post_trim/ERR9958133.trimmed_Yield_By_Length.html",
                "ERR9958133/qc/nanoplot/pre_trim",
                "ERR9958133/qc/nanoplot/pre_trim/ERR9958133.raw_LengthvsQualityScatterPlot_dot.html",
                "ERR9958133/qc/nanoplot/pre_trim/ERR9958133.raw_LengthvsQualityScatterPlot_kde.html",
                "ERR9958133/qc/nanoplot/pre_trim/ERR9958133.raw_NanoPlot-report.html",
                "ERR9958133/qc/nanoplot/pre_trim/ERR9958133.raw_NanoStats.txt",
                "ERR9958133/qc/nanoplot/pre_trim/ERR9958133.raw_Non_weightedHistogramReadlength.html",
                "ERR9958133/qc/nanoplot/pre_trim/ERR9958133.raw_Non_weightedLogTransformed_HistogramReadlength.html",
                "ERR9958133/qc/nanoplot/pre_trim/ERR9958133.raw_WeightedHistogramReadlength.html",
                "ERR9958133/qc/nanoplot/pre_trim/ERR9958133.raw_WeightedLogTransformed_HistogramReadlength.html",
                "ERR9958133/qc/nanoplot/pre_trim/ERR9958133.raw_Yield_By_Length.html",
                "ERR9958134",
                "ERR9958134/blaze",
                "ERR9958134/blaze/ERR9958134.bc_count.txt",
                "ERR9958134/blaze/ERR9958134.knee_plot.png",
                "ERR9958134/blaze/ERR9958134.putative_bc.no_header.csv",
                "ERR9958134/blaze/ERR9958134.whitelist.csv",
                "ERR9958134/genome",
                "ERR9958134/genome/bam",
                "ERR9958134/genome/bam/barcode_tagged",
                "ERR9958134/genome/bam/barcode_tagged/ERR9958134.tagged.bam",
                "ERR9958134/genome/bam/barcode_tagged/ERR9958134.tagged.bam.bai",
                "ERR9958134/genome/bam/dedup",
                "ERR9958134/genome/bam/dedup/ERR9958134.genome.dedup.bam",
                "ERR9958134/genome/bam/dedup/ERR9958134.genome.dedup.bam.bai",
                "ERR9958134/genome/bam/mapped_only",
                "ERR9958134/genome/bam/mapped_only/ERR9958134.genome_mapped_only.sorted.bam",
                "ERR9958134/genome/bam/mapped_only/ERR9958134.genome_mapped_only.sorted.bam.bai",
                "ERR9958134/genome/bam/original",
                "ERR9958134/genome/bam/original/ERR9958134.genome.sorted.bam",
                "ERR9958134/genome/bam/original/ERR9958134.genome.sorted.bam.bai",
                "ERR9958134/genome/isoquant",
                "ERR9958134/genome/isoquant/ERR9958134.gene_grouped_tag_CB_counts.barcodes.tsv",
                "ERR9958134/genome/isoquant/ERR9958134.gene_grouped_tag_CB_counts.features.tsv",
                "ERR9958134/genome/isoquant/ERR9958134.gene_grouped_tag_CB_counts.matrix.mtx",
                "ERR9958134/genome/isoquant/ERR9958134.transcript_grouped_tag_CB_counts.barcodes.tsv",
                "ERR9958134/genome/isoquant/ERR9958134.transcript_grouped_tag_CB_counts.features.tsv",
                "ERR9958134/genome/isoquant/ERR9958134.transcript_grouped_tag_CB_counts.matrix.mtx",
                "ERR9958134/genome/qc",
                "ERR9958134/genome/qc/rseqc",
                "ERR9958134/genome/qc/rseqc/ERR9958134.read_distribution.txt",
                "ERR9958134/genome/qc/samtools",
                "ERR9958134/genome/qc/samtools/dedup",
                "ERR9958134/genome/qc/samtools/dedup/ERR9958134.genome.umitools_dedup.flagstat",
                "ERR9958134/genome/qc/samtools/dedup/ERR9958134.genome.umitools_dedup.idxstats",
                "ERR9958134/genome/qc/samtools/dedup/ERR9958134.genome.umitools_dedup.stats",
                "ERR9958134/genome/qc/samtools/mapped_only",
                "ERR9958134/genome/qc/samtools/mapped_only/ERR9958134.genome.mapped_only.flagstat",
                "ERR9958134/genome/qc/samtools/mapped_only/ERR9958134.genome.mapped_only.idxstats",
                "ERR9958134/genome/qc/samtools/mapped_only/ERR9958134.genome.mapped_only.stats",
                "ERR9958134/genome/qc/samtools/minimap",
                "ERR9958134/genome/qc/samtools/minimap/ERR9958134.genome.minimap.flagstat",
                "ERR9958134/genome/qc/samtools/minimap/ERR9958134.genome.minimap.idxstats",
                "ERR9958134/genome/qc/samtools/minimap/ERR9958134.genome.minimap.stats",
                "ERR9958134/genome/qc/seurat_isoquant",
                "ERR9958134/genome/qc/seurat_isoquant/gene",
                "ERR9958134/genome/qc/seurat_isoquant/gene/ERR9958134.csv",
                "ERR9958134/genome/qc/seurat_isoquant/gene/ERR9958134.png",
                "ERR9958134/genome/qc/seurat_isoquant/gene/ERR9958134_seurat.rds",
                "ERR9958134/genome/qc/seurat_isoquant/transcript",
                "ERR9958134/genome/qc/seurat_isoquant/transcript/ERR9958134.csv",
                "ERR9958134/genome/qc/seurat_isoquant/transcript/ERR9958134.png",
                "ERR9958134/genome/qc/seurat_isoquant/transcript/ERR9958134_seurat.rds",
                "ERR9958134/qc",
                "ERR9958134/qc/nanoplot",
                "ERR9958134/qc/nanoplot/post_extract",
                "ERR9958134/qc/nanoplot/post_extract/ERR9958134.extracted_LengthvsQualityScatterPlot_dot.html",
                "ERR9958134/qc/nanoplot/post_extract/ERR9958134.extracted_LengthvsQualityScatterPlot_kde.html",
                "ERR9958134/qc/nanoplot/post_extract/ERR9958134.extracted_NanoPlot-report.html",
                "ERR9958134/qc/nanoplot/post_extract/ERR9958134.extracted_NanoStats.txt",
                "ERR9958134/qc/nanoplot/post_extract/ERR9958134.extracted_Non_weightedHistogramReadlength.html",
                "ERR9958134/qc/nanoplot/post_extract/ERR9958134.extracted_Non_weightedLogTransformed_HistogramReadlength.html",
                "ERR9958134/qc/nanoplot/post_extract/ERR9958134.extracted_WeightedHistogramReadlength.html",
                "ERR9958134/qc/nanoplot/post_extract/ERR9958134.extracted_WeightedLogTransformed_HistogramReadlength.html",
                "ERR9958134/qc/nanoplot/post_extract/ERR9958134.extracted_Yield_By_Length.html",
                "ERR9958134/qc/nanoplot/post_trim",
                "ERR9958134/qc/nanoplot/post_trim/ERR9958134.trimmed_LengthvsQualityScatterPlot_dot.html",
                "ERR9958134/qc/nanoplot/post_trim/ERR9958134.trimmed_LengthvsQualityScatterPlot_kde.html",
                "ERR9958134/qc/nanoplot/post_trim/ERR9958134.trimmed_NanoPlot-report.html",
                "ERR9958134/qc/nanoplot/post_trim/ERR9958134.trimmed_NanoStats.txt",
                "ERR9958134/qc/nanoplot/post_trim/ERR9958134.trimmed_Non_weightedHistogramReadlength.html",
                "ERR9958134/qc/nanoplot/post_trim/ERR9958134.trimmed_Non_weightedLogTransformed_HistogramReadlength.html",
                "ERR9958134/qc/nanoplot/post_trim/ERR9958134.trimmed_WeightedHistogramReadlength.html",
                "ERR9958134/qc/nanoplot/post_trim/ERR9958134.trimmed_WeightedLogTransformed_HistogramReadlength.html",
                "ERR9958134/qc/nanoplot/post_trim/ERR9958134.trimmed_Yield_By_Length.html",
                "ERR9958134/qc/nanoplot/pre_trim",
                "ERR9958134/qc/nanoplot/pre_trim/ERR9958134.raw_LengthvsQualityScatterPlot_dot.html",
                "ERR9958134/qc/nanoplot/pre_trim/ERR9958134.raw_LengthvsQualityScatterPlot_kde.html",
                "ERR9958134/qc/nanoplot/pre_trim/ERR9958134.raw_NanoPlot-report.html",
                "ERR9958134/qc/nanoplot/pre_trim/ERR9958134.raw_NanoStats.txt",
                "ERR9958134/qc/nanoplot/pre_trim/ERR9958134.raw_Non_weightedHistogramReadlength.html",
                "ERR9958134/qc/nanoplot/pre_trim/ERR9958134.raw_Non_weightedLogTransformed_HistogramReadlength.html",
                "ERR9958134/qc/nanoplot/pre_trim/ERR9958134.raw_WeightedHistogramReadlength.html",
                "ERR9958134/qc/nanoplot/pre_trim/ERR9958134.raw_WeightedLogTransformed_HistogramReadlength.html",
                "ERR9958134/qc/nanoplot/pre_trim/ERR9958134.raw_Yield_By_Length.html",
                "batch_qcs",
                "batch_qcs/multiqc",
                "batch_qcs/multiqc/final_qc",
                "batch_qcs/multiqc/final_qc/multiqc_data",
                "batch_qcs/multiqc/final_qc/multiqc_data/llms-full.txt",
                "batch_qcs/multiqc/final_qc/multiqc_data/multiqc.log",
                "batch_qcs/multiqc/final_qc/multiqc_data/multiqc.parquet",
                "batch_qcs/multiqc/final_qc/multiqc_data/multiqc_citations.txt",
                "batch_qcs/multiqc/final_qc/multiqc_data/multiqc_data.json",
                "batch_qcs/multiqc/final_qc/multiqc_data/multiqc_general_stats.txt",
                "batch_qcs/multiqc/final_qc/multiqc_data/multiqc_isoquant_gene_seurat_stats_module.txt",
                "batch_qcs/multiqc/final_qc/multiqc_data/multiqc_isoquant_transcript_seurat_stats_module.txt",
                "batch_qcs/multiqc/final_qc/multiqc_data/multiqc_read_counts_module.txt",
                "batch_qcs/multiqc/final_qc/multiqc_data/multiqc_rseqc_read_distribution.txt",
                "batch_qcs/multiqc/final_qc/multiqc_data/multiqc_samtools_flagstat.txt",
                "batch_qcs/multiqc/final_qc/multiqc_data/multiqc_samtools_idxstats.txt",
                "batch_qcs/multiqc/final_qc/multiqc_data/multiqc_software_versions.txt",
                "batch_qcs/multiqc/final_qc/multiqc_data/multiqc_sources.txt",
                "batch_qcs/multiqc/final_qc/multiqc_data/rseqc_read_distribution_plot.txt",
                "batch_qcs/multiqc/final_qc/multiqc_data/samtools-flagstat-pct-table.txt",
                "batch_qcs/multiqc/final_qc/multiqc_data/samtools-flagstat-table.txt",
                "batch_qcs/multiqc/final_qc/multiqc_data/samtools-idxstats-mapped-reads-plot_Normalised_Counts.txt",
                "batch_qcs/multiqc/final_qc/multiqc_data/samtools-idxstats-mapped-reads-plot_Observed_over_Expected_Counts.txt",
                "batch_qcs/multiqc/final_qc/multiqc_data/samtools-idxstats-mapped-reads-plot_Raw_Counts.txt",
                "batch_qcs/multiqc/final_qc/multiqc_plots",
                "batch_qcs/multiqc/final_qc/multiqc_plots/pdf",
                "batch_qcs/multiqc/final_qc/multiqc_plots/pdf/isoquant_gene_seurat_stats_module.pdf",
                "batch_qcs/multiqc/final_qc/multiqc_plots/pdf/isoquant_transcript_seurat_stats_module.pdf",
                "batch_qcs/multiqc/final_qc/multiqc_plots/pdf/read_counts_module.pdf",
                "batch_qcs/multiqc/final_qc/multiqc_plots/pdf/rseqc_read_distribution_plot-cnt.pdf",
                "batch_qcs/multiqc/final_qc/multiqc_plots/pdf/rseqc_read_distribution_plot-pct.pdf",
                "batch_qcs/multiqc/final_qc/multiqc_plots/pdf/samtools-flagstat-pct-table.pdf",
                "batch_qcs/multiqc/final_qc/multiqc_plots/pdf/samtools-flagstat-table.pdf",
                "batch_qcs/multiqc/final_qc/multiqc_plots/pdf/samtools-idxstats-mapped-reads-plot_Normalised_Counts-cnt.pdf",
                "batch_qcs/multiqc/final_qc/multiqc_plots/pdf/samtools-idxstats-mapped-reads-plot_Normalised_Counts-log.pdf",
                "batch_qcs/multiqc/final_qc/multiqc_plots/pdf/samtools-idxstats-mapped-reads-plot_Observed_over_Expected_Counts-cnt.pdf",
                "batch_qcs/multiqc/final_qc/multiqc_plots/pdf/samtools-idxstats-mapped-reads-plot_Observed_over_Expected_Counts-log.pdf",
                "batch_qcs/multiqc/final_qc/multiqc_plots/pdf/samtools-idxstats-mapped-reads-plot_Raw_Counts-cnt.pdf",
                "batch_qcs/multiqc/final_qc/multiqc_plots/pdf/samtools-idxstats-mapped-reads-plot_Raw_Counts-log.pdf",
                "batch_qcs/multiqc/final_qc/multiqc_plots/png",
                "batch_qcs/multiqc/final_qc/multiqc_plots/png/isoquant_gene_seurat_stats_module.png",
                "batch_qcs/multiqc/final_qc/multiqc_plots/png/isoquant_transcript_seurat_stats_module.png",
                "batch_qcs/multiqc/final_qc/multiqc_plots/png/read_counts_module.png",
                "batch_qcs/multiqc/final_qc/multiqc_plots/png/rseqc_read_distribution_plot-cnt.png",
                "batch_qcs/multiqc/final_qc/multiqc_plots/png/rseqc_read_distribution_plot-pct.png",
                "batch_qcs/multiqc/final_qc/multiqc_plots/png/samtools-flagstat-pct-table.png",
                "batch_qcs/multiqc/final_qc/multiqc_plots/png/samtools-flagstat-table.png",
                "batch_qcs/multiqc/final_qc/multiqc_plots/png/samtools-idxstats-mapped-reads-plot_Normalised_Counts-cnt.png",
                "batch_qcs/multiqc/final_qc/multiqc_plots/png/samtools-idxstats-mapped-reads-plot_Normalised_Counts-log.png",
                "batch_qcs/multiqc/final_qc/multiqc_plots/png/samtools-idxstats-mapped-reads-plot_Observed_over_Expected_Counts-cnt.png",
                "batch_qcs/multiqc/final_qc/multiqc_plots/png/samtools-idxstats-mapped-reads-plot_Observed_over_Expected_Counts-log.png",
                "batch_qcs/multiqc/final_qc/multiqc_plots/png/samtools-idxstats-mapped-reads-plot_Raw_Counts-cnt.png",
                "batch_qcs/multiqc/final_qc/multiqc_plots/png/samtools-idxstats-mapped-reads-plot_Raw_Counts-log.png",
                "batch_qcs/multiqc/final_qc/multiqc_plots/svg",
                "batch_qcs/multiqc/final_qc/multiqc_plots/svg/isoquant_gene_seurat_stats_module.svg",
                "batch_qcs/multiqc/final_qc/multiqc_plots/svg/isoquant_transcript_seurat_stats_module.svg",
                "batch_qcs/multiqc/final_qc/multiqc_plots/svg/read_counts_module.svg",
                "batch_qcs/multiqc/final_qc/multiqc_plots/svg/rseqc_read_distribution_plot-cnt.svg",
                "batch_qcs/multiqc/final_qc/multiqc_plots/svg/rseqc_read_distribution_plot-pct.svg",
                "batch_qcs/multiqc/final_qc/multiqc_plots/svg/samtools-flagstat-pct-table.svg",
                "batch_qcs/multiqc/final_qc/multiqc_plots/svg/samtools-flagstat-table.svg",
                "batch_qcs/multiqc/final_qc/multiqc_plots/svg/samtools-idxstats-mapped-reads-plot_Normalised_Counts-cnt.svg",
                "batch_qcs/multiqc/final_qc/multiqc_plots/svg/samtools-idxstats-mapped-reads-plot_Normalised_Counts-log.svg",
                "batch_qcs/multiqc/final_qc/multiqc_plots/svg/samtools-idxstats-mapped-reads-plot_Observed_over_Expected_Counts-cnt.svg",
                "batch_qcs/multiqc/final_qc/multiqc_plots/svg/samtools-idxstats-mapped-reads-plot_Observed_over_Expected_Counts-log.svg",
                "batch_qcs/multiqc/final_qc/multiqc_plots/svg/samtools-idxstats-mapped-reads-plot_Raw_Counts-cnt.svg",
                "batch_qcs/multiqc/final_qc/multiqc_plots/svg/samtools-idxstats-mapped-reads-plot_Raw_Counts-log.svg",
                "batch_qcs/multiqc/final_qc/multiqc_report.html",
                "batch_qcs/read_counts",
                "batch_qcs/read_counts/read_counts.csv",
                "pipeline_info",
                "pipeline_info/nf_core_scnanoseq_software_mqc_versions.yml"
            ],
            [
                "ERR9958133.bc_count.txt:md5,13b9564bb3fd628ce924ce906c0fda39",
                "ERR9958133.gene_grouped_tag_CB_counts.barcodes.tsv:md5,567fd1015fd997d5260cb24477af0981",
                "ERR9958133.gene_grouped_tag_CB_counts.features.tsv:md5,1dc3c4284c1e2e95b60aca58faedb476",
                "ERR9958133.transcript_grouped_tag_CB_counts.barcodes.tsv:md5,026dd9e1388f1102bc79f0fe240cc43a",
                "ERR9958133.transcript_grouped_tag_CB_counts.features.tsv:md5,63fb73d79ad235254124fba665477871",
                "ERR9958133.read_distribution.txt:md5,30e5b8971499e484d795a71398d96930",
                "ERR9958133.genome.umitools_dedup.flagstat:md5,d2d3141cd2f70da18a29615baf6f598a",
                "ERR9958133.genome.umitools_dedup.idxstats:md5,6bc7e89c90e5c0e328567fd59aa410d5",
                "ERR9958133.genome.umitools_dedup.stats:md5,b3e2d317867cbd18a02b3bbd1646f4fc",
                "ERR9958133.genome.mapped_only.flagstat:md5,bd91c97795166cb293af6ae274f02f97",
                "ERR9958133.genome.mapped_only.idxstats:md5,1ae3bba3232ca3ce3fb83c4adf691c52",
                "ERR9958133.genome.mapped_only.stats:md5,7e4727ddc8693db57df2e4a282d333b1",
                "ERR9958133.genome.minimap.flagstat:md5,f919dac81c2fc73a8adea9117ad58183",
                "ERR9958133.genome.minimap.idxstats:md5,1084d0d4fe282790bbda437cfd4b0430",
                "ERR9958133.genome.minimap.stats:md5,1cc8d926e8b70ec3c080ff518c06f5cb",
                "ERR9958133.csv:md5,a1edf8f0c322fc90a78738d845ffb541",
                "ERR9958133.csv:md5,1a5367521c84f60ac5ffd8ec36894922",
                "ERR9958133.extracted_NanoStats.txt:md5,d7610188b3245d635b33a20021a8caed",
                "ERR9958133.trimmed_NanoStats.txt:md5,acfd13fa4c8ed1cf20bfa544cb19804c",
                "ERR9958133.raw_NanoStats.txt:md5,27e01d4465515b66f3a18cc1e585000d",
                "ERR9958134.bc_count.txt:md5,19a8e1043f9427c4bfa4c0bb4ad16e22",
                "ERR9958134.gene_grouped_tag_CB_counts.barcodes.tsv:md5,0415c6488a6ad87180da82068546a17b",
                "ERR9958134.gene_grouped_tag_CB_counts.features.tsv:md5,fd336e0ca73e167cc362130317e58990",
                "ERR9958134.transcript_grouped_tag_CB_counts.barcodes.tsv:md5,a0b3531c88a5cfcd883cff8d53740a59",
                "ERR9958134.transcript_grouped_tag_CB_counts.features.tsv:md5,f1df429556aed59af6e6d8e3eb37de37",
                "ERR9958134.read_distribution.txt:md5,8e1f7c76d68a772fa5b743ea3e90cd99",
                "ERR9958134.genome.umitools_dedup.flagstat:md5,b4a71382f5466e7f30f9214b7311ee15",
                "ERR9958134.genome.umitools_dedup.idxstats:md5,23504eeddcf0662b824656e215b6b61c",
                "ERR9958134.genome.umitools_dedup.stats:md5,29f88142d0d28a8ea217efb9e847f56e",
                "ERR9958134.genome.mapped_only.flagstat:md5,500a0cb592c3ebf7c7fda44927472461",
                "ERR9958134.genome.mapped_only.idxstats:md5,c48523940cef8b765990fdf3a65a8f34",
                "ERR9958134.genome.mapped_only.stats:md5,74e2a2927c781a97e27636cde20f985f",
                "ERR9958134.genome.minimap.flagstat:md5,430d824018483c4518219b3010a29eab",
                "ERR9958134.genome.minimap.idxstats:md5,c444cc27cc377f1ed117037c949fcf2a",
                "ERR9958134.genome.minimap.stats:md5,1be6785c39199382910d9dd3d966c4af",
                "ERR9958134.csv:md5,fbf7c46d5cb8cdfd316f55969c196128",
                "ERR9958134.csv:md5,197c2430e181b4cd3d1e31c088bf973d",
                "ERR9958134.extracted_NanoStats.txt:md5,df412252fda5240e62bf0cc083cc43b7",
                "ERR9958134.trimmed_NanoStats.txt:md5,df1ce9b8bcee5e6f87a14266f7c773e8",
                "ERR9958134.raw_NanoStats.txt:md5,df1ce9b8bcee5e6f87a14266f7c773e8",
                "multiqc_citations.txt:md5,0cbf715762a381270e777a24df0d0c75",
                "multiqc_general_stats.txt:md5,83fbf5d55ebba8bd8e7a95a6991e4ac9",
                "multiqc_isoquant_gene_seurat_stats_module.txt:md5,86fa64d325c46ee8a238881effd6cd58",
                "multiqc_isoquant_transcript_seurat_stats_module.txt:md5,277b7fb107859ebfb58be655f6336d31",
                "multiqc_read_counts_module.txt:md5,8a8e9d8899aad357c7041f7ef72ec861",
                "multiqc_rseqc_read_distribution.txt:md5,fdc904f49f525977f58d32d7ccb298d2",
                "multiqc_samtools_flagstat.txt:md5,438fdf19905c514d39e038578e14ff64",
                "multiqc_samtools_idxstats.txt:md5,cff020c5fcf92f968a0b95d132672965",
                "rseqc_read_distribution_plot.txt:md5,d3697323102e56904a95dd67b3a86d22",
                "samtools-flagstat-pct-table.txt:md5,4df9a201b8352c719e3eaf1a45310ca2",
                "samtools-flagstat-table.txt:md5,f6fd4e6d26d6059d3b6d9927e0b69ffb",
                "samtools-idxstats-mapped-reads-plot_Normalised_Counts.txt:md5,71beae1706ac8e927cbaebfdd3defb8f",
                "samtools-idxstats-mapped-reads-plot_Observed_over_Expected_Counts.txt:md5,71beae1706ac8e927cbaebfdd3defb8f",
                "samtools-idxstats-mapped-reads-plot_Raw_Counts.txt:md5,af3b0350ec49972b20d9119dc62939d5",
                "read_counts.csv:md5,03dd3e8f8e2ba7a727f1ae25f5b9e596"
            ]
        ],
        "timestamp": "2026-06-25T20:55:45.284474294",
        "meta": {
            "nf-test": "0.9.4",
            "nextflow": "25.10.4"
        }
    }
}