{
    "-profile test": {
        "content": [
            {
                "BAMTOOLS_SPLIT": {
                    "bamtools": "2.5.2"
                },
                "CHOPPER": {
                    "chopper": "0.10.0"
                },
                "FLEXIFORMATTER": {
                    "flexiformatter": "1.0.5",
                    "samtools": "1.22.1"
                },
                "FLEXIPLEX_ASSIGN": {
                    "flexiplex": "1.02.5"
                },
                "FLEXIPLEX_DISCOVERY": {
                    "flexiplex": "1.02.5"
                },
                "FLEXIPLEX_FILTER": {
                    "flexiplex": "1.02.5"
                },
                "GENOME_FAIDX": {
                    "samtools": "1.22.1"
                },
                "ISOQUANT": {
                    "isoquant": "3.13.0"
                },
                "MINIMAP2_ALIGN": {
                    "minimap2": "2.29-r1283"
                },
                "PIGZ_UNCOMPRESS": {
                    "pigz": 2.8
                },
                "READ_COUNTS": {
                    "perl": "5.26.2"
                },
                "RSEQC_READDISTRIBUTION": {
                    "rseqc": "5.0.4"
                },
                "SAMTOOLS_FILTER_MAPPED": {
                    "samtools": "1.22.1"
                },
                "SAMTOOLS_FLAGSTAT": {
                    "samtools": "1.22.1"
                },
                "SAMTOOLS_FLAGSTAT_TAGGED": {
                    "samtools": "1.22.1"
                },
                "SAMTOOLS_IDXSTATS": {
                    "samtools": "1.22.1"
                },
                "SAMTOOLS_INDEX": {
                    "samtools": "1.22.1"
                },
                "SAMTOOLS_INDEX_DEDUP": {
                    "samtools": "1.22.1"
                },
                "SAMTOOLS_INDEX_MERGED": {
                    "samtools": "1.22.1"
                },
                "SAMTOOLS_MERGE": {
                    "samtools": "1.22.1"
                },
                "SAMTOOLS_SORT": {
                    "samtools": "1.22.1"
                },
                "SAMTOOLS_STATS": {
                    "samtools": "1.22.1"
                },
                "UCSC_GENEPREDTOBED": {
                    "ucsc": 447
                },
                "UCSC_GTFTOGENEPRED": {
                    "ucsc": 447
                },
                "UMITOOLS_DEDUP": {
                    "umitools": "1.1.6"
                },
                "Workflow": {
                    "nf-core/scnanoseq": "v1.3.0"
                }
            },
            [
                "ERR9958133",
                "ERR9958133/cdna",
                "ERR9958133/cdna/flexiplex",
                "ERR9958133/cdna/flexiplex/ERR9958133.cdna_known_barcodes.txt",
                "ERR9958133/cdna/flexiplex/ERR9958133_barcodes_counts.txt",
                "ERR9958133/cdna/genome",
                "ERR9958133/cdna/genome/bam",
                "ERR9958133/cdna/genome/bam/dedup",
                "ERR9958133/cdna/genome/bam/dedup/ERR9958133.cdna.genome.dedup.bam",
                "ERR9958133/cdna/genome/bam/dedup/ERR9958133.cdna.genome.dedup.bam.bai",
                "ERR9958133/cdna/genome/bam/mapped_only",
                "ERR9958133/cdna/genome/bam/mapped_only/ERR9958133.cdna.genome_mapped_only.sorted.bam",
                "ERR9958133/cdna/genome/bam/mapped_only/ERR9958133.cdna.genome_mapped_only.sorted.bam.bai",
                "ERR9958133/cdna/genome/bam/original",
                "ERR9958133/cdna/genome/bam/original/ERR9958133.cdna.genome.sorted.bam",
                "ERR9958133/cdna/genome/bam/original/ERR9958133.cdna.genome.sorted.bam.bai",
                "ERR9958133/cdna/genome/isoquant",
                "ERR9958133/cdna/genome/isoquant/ERR9958133.cdna",
                "ERR9958133/cdna/genome/isoquant/ERR9958133.cdna/ERR9958133.cdna",
                "ERR9958133/cdna/genome/isoquant/ERR9958133.cdna/ERR9958133.cdna/ERR9958133.cdna.gene_grouped_tag_CB_counts.barcodes.tsv",
                "ERR9958133/cdna/genome/isoquant/ERR9958133.cdna/ERR9958133.cdna/ERR9958133.cdna.gene_grouped_tag_CB_counts.features.tsv",
                "ERR9958133/cdna/genome/isoquant/ERR9958133.cdna/ERR9958133.cdna/ERR9958133.cdna.gene_grouped_tag_CB_counts.matrix.mtx",
                "ERR9958133/cdna/genome/isoquant/ERR9958133.cdna/ERR9958133.cdna/ERR9958133.cdna.transcript_grouped_tag_CB_counts.barcodes.tsv",
                "ERR9958133/cdna/genome/isoquant/ERR9958133.cdna/ERR9958133.cdna/ERR9958133.cdna.transcript_grouped_tag_CB_counts.features.tsv",
                "ERR9958133/cdna/genome/isoquant/ERR9958133.cdna/ERR9958133.cdna/ERR9958133.cdna.transcript_grouped_tag_CB_counts.matrix.mtx",
                "ERR9958133/cdna/genome/qc",
                "ERR9958133/cdna/genome/qc/rseqc",
                "ERR9958133/cdna/genome/qc/rseqc/ERR9958133.read_distribution.txt",
                "ERR9958133/cdna/genome/qc/samtools",
                "ERR9958133/cdna/genome/qc/samtools/dedup",
                "ERR9958133/cdna/genome/qc/samtools/dedup/ERR9958133.cdna.genome.umitools_dedup.flagstat",
                "ERR9958133/cdna/genome/qc/samtools/dedup/ERR9958133.cdna.genome.umitools_dedup.idxstats",
                "ERR9958133/cdna/genome/qc/samtools/dedup/ERR9958133.cdna.genome.umitools_dedup.stats",
                "ERR9958133/cdna/genome/qc/samtools/mapped_only",
                "ERR9958133/cdna/genome/qc/samtools/mapped_only/ERR9958133.cdna.genome.mapped_only.flagstat",
                "ERR9958133/cdna/genome/qc/samtools/mapped_only/ERR9958133.cdna.genome.mapped_only.idxstats",
                "ERR9958133/cdna/genome/qc/samtools/mapped_only/ERR9958133.cdna.genome.mapped_only.stats",
                "ERR9958133/cdna/genome/qc/samtools/minimap",
                "ERR9958133/cdna/genome/qc/samtools/minimap/ERR9958133.cdna.genome.minimap.flagstat",
                "ERR9958133/cdna/genome/qc/samtools/minimap/ERR9958133.cdna.genome.minimap.idxstats",
                "ERR9958133/cdna/genome/qc/samtools/minimap/ERR9958133.cdna.genome.minimap.stats",
                "ERR9958133/cdna/qc",
                "ERR9958133/cdna/qc/nanoplot",
                "ERR9958133/cdna/qc/nanoplot/post_extract",
                "ERR9958133/cdna/qc/nanoplot/post_extract/ERR9958133.cdna.extracted_LengthvsQualityScatterPlot_dot.html",
                "ERR9958133/cdna/qc/nanoplot/post_extract/ERR9958133.cdna.extracted_LengthvsQualityScatterPlot_kde.html",
                "ERR9958133/cdna/qc/nanoplot/post_extract/ERR9958133.cdna.extracted_NanoPlot-report.html",
                "ERR9958133/cdna/qc/nanoplot/post_extract/ERR9958133.cdna.extracted_NanoStats.txt",
                "ERR9958133/cdna/qc/nanoplot/post_extract/ERR9958133.cdna.extracted_Non_weightedHistogramReadlength.html",
                "ERR9958133/cdna/qc/nanoplot/post_extract/ERR9958133.cdna.extracted_Non_weightedLogTransformed_HistogramReadlength.html",
                "ERR9958133/cdna/qc/nanoplot/post_extract/ERR9958133.cdna.extracted_WeightedHistogramReadlength.html",
                "ERR9958133/cdna/qc/nanoplot/post_extract/ERR9958133.cdna.extracted_WeightedLogTransformed_HistogramReadlength.html",
                "ERR9958133/cdna/qc/nanoplot/post_extract/ERR9958133.cdna.extracted_Yield_By_Length.html",
                "ERR9958133/cdna/qc/nanoplot/post_trim",
                "ERR9958133/cdna/qc/nanoplot/post_trim/ERR9958133.cdna.trimmed_LengthvsQualityScatterPlot_dot.html",
                "ERR9958133/cdna/qc/nanoplot/post_trim/ERR9958133.cdna.trimmed_LengthvsQualityScatterPlot_kde.html",
                "ERR9958133/cdna/qc/nanoplot/post_trim/ERR9958133.cdna.trimmed_NanoPlot-report.html",
                "ERR9958133/cdna/qc/nanoplot/post_trim/ERR9958133.cdna.trimmed_NanoStats.txt",
                "ERR9958133/cdna/qc/nanoplot/post_trim/ERR9958133.cdna.trimmed_Non_weightedHistogramReadlength.html",
                "ERR9958133/cdna/qc/nanoplot/post_trim/ERR9958133.cdna.trimmed_Non_weightedLogTransformed_HistogramReadlength.html",
                "ERR9958133/cdna/qc/nanoplot/post_trim/ERR9958133.cdna.trimmed_WeightedHistogramReadlength.html",
                "ERR9958133/cdna/qc/nanoplot/post_trim/ERR9958133.cdna.trimmed_WeightedLogTransformed_HistogramReadlength.html",
                "ERR9958133/cdna/qc/nanoplot/post_trim/ERR9958133.cdna.trimmed_Yield_By_Length.html",
                "ERR9958133/cdna/qc/nanoplot/pre_trim",
                "ERR9958133/cdna/qc/nanoplot/pre_trim/ERR9958133.cdna.raw_LengthvsQualityScatterPlot_dot.html",
                "ERR9958133/cdna/qc/nanoplot/pre_trim/ERR9958133.cdna.raw_LengthvsQualityScatterPlot_kde.html",
                "ERR9958133/cdna/qc/nanoplot/pre_trim/ERR9958133.cdna.raw_NanoPlot-report.html",
                "ERR9958133/cdna/qc/nanoplot/pre_trim/ERR9958133.cdna.raw_NanoStats.txt",
                "ERR9958133/cdna/qc/nanoplot/pre_trim/ERR9958133.cdna.raw_Non_weightedHistogramReadlength.html",
                "ERR9958133/cdna/qc/nanoplot/pre_trim/ERR9958133.cdna.raw_Non_weightedLogTransformed_HistogramReadlength.html",
                "ERR9958133/cdna/qc/nanoplot/pre_trim/ERR9958133.cdna.raw_WeightedHistogramReadlength.html",
                "ERR9958133/cdna/qc/nanoplot/pre_trim/ERR9958133.cdna.raw_WeightedLogTransformed_HistogramReadlength.html",
                "ERR9958133/cdna/qc/nanoplot/pre_trim/ERR9958133.cdna.raw_Yield_By_Length.html",
                "ERR9958134",
                "ERR9958134/cdna",
                "ERR9958134/cdna/flexiplex",
                "ERR9958134/cdna/flexiplex/ERR9958134.cdna_known_barcodes.txt",
                "ERR9958134/cdna/flexiplex/ERR9958134_barcodes_counts.txt",
                "ERR9958134/cdna/genome",
                "ERR9958134/cdna/genome/bam",
                "ERR9958134/cdna/genome/bam/dedup",
                "ERR9958134/cdna/genome/bam/dedup/ERR9958134.cdna.genome.dedup.bam",
                "ERR9958134/cdna/genome/bam/dedup/ERR9958134.cdna.genome.dedup.bam.bai",
                "ERR9958134/cdna/genome/bam/mapped_only",
                "ERR9958134/cdna/genome/bam/mapped_only/ERR9958134.cdna.genome_mapped_only.sorted.bam",
                "ERR9958134/cdna/genome/bam/mapped_only/ERR9958134.cdna.genome_mapped_only.sorted.bam.bai",
                "ERR9958134/cdna/genome/bam/original",
                "ERR9958134/cdna/genome/bam/original/ERR9958134.cdna.genome.sorted.bam",
                "ERR9958134/cdna/genome/bam/original/ERR9958134.cdna.genome.sorted.bam.bai",
                "ERR9958134/cdna/genome/isoquant",
                "ERR9958134/cdna/genome/isoquant/ERR9958134.cdna",
                "ERR9958134/cdna/genome/isoquant/ERR9958134.cdna/ERR9958134.cdna",
                "ERR9958134/cdna/genome/isoquant/ERR9958134.cdna/ERR9958134.cdna/ERR9958134.cdna.gene_grouped_tag_CB_counts.barcodes.tsv",
                "ERR9958134/cdna/genome/isoquant/ERR9958134.cdna/ERR9958134.cdna/ERR9958134.cdna.gene_grouped_tag_CB_counts.features.tsv",
                "ERR9958134/cdna/genome/isoquant/ERR9958134.cdna/ERR9958134.cdna/ERR9958134.cdna.gene_grouped_tag_CB_counts.matrix.mtx",
                "ERR9958134/cdna/genome/isoquant/ERR9958134.cdna/ERR9958134.cdna/ERR9958134.cdna.transcript_grouped_tag_CB_counts.barcodes.tsv",
                "ERR9958134/cdna/genome/isoquant/ERR9958134.cdna/ERR9958134.cdna/ERR9958134.cdna.transcript_grouped_tag_CB_counts.features.tsv",
                "ERR9958134/cdna/genome/isoquant/ERR9958134.cdna/ERR9958134.cdna/ERR9958134.cdna.transcript_grouped_tag_CB_counts.matrix.mtx",
                "ERR9958134/cdna/genome/qc",
                "ERR9958134/cdna/genome/qc/rseqc",
                "ERR9958134/cdna/genome/qc/rseqc/ERR9958134.read_distribution.txt",
                "ERR9958134/cdna/genome/qc/samtools",
                "ERR9958134/cdna/genome/qc/samtools/dedup",
                "ERR9958134/cdna/genome/qc/samtools/dedup/ERR9958134.cdna.genome.umitools_dedup.flagstat",
                "ERR9958134/cdna/genome/qc/samtools/dedup/ERR9958134.cdna.genome.umitools_dedup.idxstats",
                "ERR9958134/cdna/genome/qc/samtools/dedup/ERR9958134.cdna.genome.umitools_dedup.stats",
                "ERR9958134/cdna/genome/qc/samtools/mapped_only",
                "ERR9958134/cdna/genome/qc/samtools/mapped_only/ERR9958134.cdna.genome.mapped_only.flagstat",
                "ERR9958134/cdna/genome/qc/samtools/mapped_only/ERR9958134.cdna.genome.mapped_only.idxstats",
                "ERR9958134/cdna/genome/qc/samtools/mapped_only/ERR9958134.cdna.genome.mapped_only.stats",
                "ERR9958134/cdna/genome/qc/samtools/minimap",
                "ERR9958134/cdna/genome/qc/samtools/minimap/ERR9958134.cdna.genome.minimap.flagstat",
                "ERR9958134/cdna/genome/qc/samtools/minimap/ERR9958134.cdna.genome.minimap.idxstats",
                "ERR9958134/cdna/genome/qc/samtools/minimap/ERR9958134.cdna.genome.minimap.stats",
                "ERR9958134/cdna/qc",
                "ERR9958134/cdna/qc/nanoplot",
                "ERR9958134/cdna/qc/nanoplot/post_extract",
                "ERR9958134/cdna/qc/nanoplot/post_extract/ERR9958134.cdna.extracted_LengthvsQualityScatterPlot_dot.html",
                "ERR9958134/cdna/qc/nanoplot/post_extract/ERR9958134.cdna.extracted_LengthvsQualityScatterPlot_kde.html",
                "ERR9958134/cdna/qc/nanoplot/post_extract/ERR9958134.cdna.extracted_NanoPlot-report.html",
                "ERR9958134/cdna/qc/nanoplot/post_extract/ERR9958134.cdna.extracted_NanoStats.txt",
                "ERR9958134/cdna/qc/nanoplot/post_extract/ERR9958134.cdna.extracted_Non_weightedHistogramReadlength.html",
                "ERR9958134/cdna/qc/nanoplot/post_extract/ERR9958134.cdna.extracted_Non_weightedLogTransformed_HistogramReadlength.html",
                "ERR9958134/cdna/qc/nanoplot/post_extract/ERR9958134.cdna.extracted_WeightedHistogramReadlength.html",
                "ERR9958134/cdna/qc/nanoplot/post_extract/ERR9958134.cdna.extracted_WeightedLogTransformed_HistogramReadlength.html",
                "ERR9958134/cdna/qc/nanoplot/post_extract/ERR9958134.cdna.extracted_Yield_By_Length.html",
                "ERR9958134/cdna/qc/nanoplot/post_trim",
                "ERR9958134/cdna/qc/nanoplot/post_trim/ERR9958134.cdna.trimmed_LengthvsQualityScatterPlot_dot.html",
                "ERR9958134/cdna/qc/nanoplot/post_trim/ERR9958134.cdna.trimmed_LengthvsQualityScatterPlot_kde.html",
                "ERR9958134/cdna/qc/nanoplot/post_trim/ERR9958134.cdna.trimmed_NanoPlot-report.html",
                "ERR9958134/cdna/qc/nanoplot/post_trim/ERR9958134.cdna.trimmed_NanoStats.txt",
                "ERR9958134/cdna/qc/nanoplot/post_trim/ERR9958134.cdna.trimmed_Non_weightedHistogramReadlength.html",
                "ERR9958134/cdna/qc/nanoplot/post_trim/ERR9958134.cdna.trimmed_Non_weightedLogTransformed_HistogramReadlength.html",
                "ERR9958134/cdna/qc/nanoplot/post_trim/ERR9958134.cdna.trimmed_WeightedHistogramReadlength.html",
                "ERR9958134/cdna/qc/nanoplot/post_trim/ERR9958134.cdna.trimmed_WeightedLogTransformed_HistogramReadlength.html",
                "ERR9958134/cdna/qc/nanoplot/post_trim/ERR9958134.cdna.trimmed_Yield_By_Length.html",
                "ERR9958134/cdna/qc/nanoplot/pre_trim",
                "ERR9958134/cdna/qc/nanoplot/pre_trim/ERR9958134.cdna.raw_LengthvsQualityScatterPlot_dot.html",
                "ERR9958134/cdna/qc/nanoplot/pre_trim/ERR9958134.cdna.raw_LengthvsQualityScatterPlot_kde.html",
                "ERR9958134/cdna/qc/nanoplot/pre_trim/ERR9958134.cdna.raw_NanoPlot-report.html",
                "ERR9958134/cdna/qc/nanoplot/pre_trim/ERR9958134.cdna.raw_NanoStats.txt",
                "ERR9958134/cdna/qc/nanoplot/pre_trim/ERR9958134.cdna.raw_Non_weightedHistogramReadlength.html",
                "ERR9958134/cdna/qc/nanoplot/pre_trim/ERR9958134.cdna.raw_Non_weightedLogTransformed_HistogramReadlength.html",
                "ERR9958134/cdna/qc/nanoplot/pre_trim/ERR9958134.cdna.raw_WeightedHistogramReadlength.html",
                "ERR9958134/cdna/qc/nanoplot/pre_trim/ERR9958134.cdna.raw_WeightedLogTransformed_HistogramReadlength.html",
                "ERR9958134/cdna/qc/nanoplot/pre_trim/ERR9958134.cdna.raw_Yield_By_Length.html",
                "batch_qcs",
                "batch_qcs/multiqc",
                "batch_qcs/multiqc/final_qc",
                "batch_qcs/multiqc/final_qc/multiqc_data",
                "batch_qcs/multiqc/final_qc/multiqc_data/llms-full.txt",
                "batch_qcs/multiqc/final_qc/multiqc_data/multiqc.log",
                "batch_qcs/multiqc/final_qc/multiqc_data/multiqc.parquet",
                "batch_qcs/multiqc/final_qc/multiqc_data/multiqc_citations.txt",
                "batch_qcs/multiqc/final_qc/multiqc_data/multiqc_data.json",
                "batch_qcs/multiqc/final_qc/multiqc_data/multiqc_general_stats.txt",
                "batch_qcs/multiqc/final_qc/multiqc_data/multiqc_read_counts_module.txt",
                "batch_qcs/multiqc/final_qc/multiqc_data/multiqc_rseqc_read_distribution.txt",
                "batch_qcs/multiqc/final_qc/multiqc_data/multiqc_samtools_flagstat.txt",
                "batch_qcs/multiqc/final_qc/multiqc_data/multiqc_samtools_idxstats.txt",
                "batch_qcs/multiqc/final_qc/multiqc_data/multiqc_software_versions.txt",
                "batch_qcs/multiqc/final_qc/multiqc_data/multiqc_sources.txt",
                "batch_qcs/multiqc/final_qc/multiqc_data/rseqc_read_distribution_plot.txt",
                "batch_qcs/multiqc/final_qc/multiqc_data/samtools-flagstat-pct-table.txt",
                "batch_qcs/multiqc/final_qc/multiqc_data/samtools-flagstat-table.txt",
                "batch_qcs/multiqc/final_qc/multiqc_data/samtools-idxstats-mapped-reads-plot_Normalised_Counts.txt",
                "batch_qcs/multiqc/final_qc/multiqc_data/samtools-idxstats-mapped-reads-plot_Observed_over_Expected_Counts.txt",
                "batch_qcs/multiqc/final_qc/multiqc_data/samtools-idxstats-mapped-reads-plot_Raw_Counts.txt",
                "batch_qcs/multiqc/final_qc/multiqc_plots",
                "batch_qcs/multiqc/final_qc/multiqc_plots/pdf",
                "batch_qcs/multiqc/final_qc/multiqc_plots/pdf/read_counts_module.pdf",
                "batch_qcs/multiqc/final_qc/multiqc_plots/pdf/rseqc_read_distribution_plot-cnt.pdf",
                "batch_qcs/multiqc/final_qc/multiqc_plots/pdf/rseqc_read_distribution_plot-pct.pdf",
                "batch_qcs/multiqc/final_qc/multiqc_plots/pdf/samtools-flagstat-pct-table.pdf",
                "batch_qcs/multiqc/final_qc/multiqc_plots/pdf/samtools-flagstat-table.pdf",
                "batch_qcs/multiqc/final_qc/multiqc_plots/pdf/samtools-idxstats-mapped-reads-plot_Normalised_Counts-cnt.pdf",
                "batch_qcs/multiqc/final_qc/multiqc_plots/pdf/samtools-idxstats-mapped-reads-plot_Normalised_Counts-log.pdf",
                "batch_qcs/multiqc/final_qc/multiqc_plots/pdf/samtools-idxstats-mapped-reads-plot_Observed_over_Expected_Counts-cnt.pdf",
                "batch_qcs/multiqc/final_qc/multiqc_plots/pdf/samtools-idxstats-mapped-reads-plot_Observed_over_Expected_Counts-log.pdf",
                "batch_qcs/multiqc/final_qc/multiqc_plots/pdf/samtools-idxstats-mapped-reads-plot_Raw_Counts-cnt.pdf",
                "batch_qcs/multiqc/final_qc/multiqc_plots/pdf/samtools-idxstats-mapped-reads-plot_Raw_Counts-log.pdf",
                "batch_qcs/multiqc/final_qc/multiqc_plots/png",
                "batch_qcs/multiqc/final_qc/multiqc_plots/png/read_counts_module.png",
                "batch_qcs/multiqc/final_qc/multiqc_plots/png/rseqc_read_distribution_plot-cnt.png",
                "batch_qcs/multiqc/final_qc/multiqc_plots/png/rseqc_read_distribution_plot-pct.png",
                "batch_qcs/multiqc/final_qc/multiqc_plots/png/samtools-flagstat-pct-table.png",
                "batch_qcs/multiqc/final_qc/multiqc_plots/png/samtools-flagstat-table.png",
                "batch_qcs/multiqc/final_qc/multiqc_plots/png/samtools-idxstats-mapped-reads-plot_Normalised_Counts-cnt.png",
                "batch_qcs/multiqc/final_qc/multiqc_plots/png/samtools-idxstats-mapped-reads-plot_Normalised_Counts-log.png",
                "batch_qcs/multiqc/final_qc/multiqc_plots/png/samtools-idxstats-mapped-reads-plot_Observed_over_Expected_Counts-cnt.png",
                "batch_qcs/multiqc/final_qc/multiqc_plots/png/samtools-idxstats-mapped-reads-plot_Observed_over_Expected_Counts-log.png",
                "batch_qcs/multiqc/final_qc/multiqc_plots/png/samtools-idxstats-mapped-reads-plot_Raw_Counts-cnt.png",
                "batch_qcs/multiqc/final_qc/multiqc_plots/png/samtools-idxstats-mapped-reads-plot_Raw_Counts-log.png",
                "batch_qcs/multiqc/final_qc/multiqc_plots/svg",
                "batch_qcs/multiqc/final_qc/multiqc_plots/svg/read_counts_module.svg",
                "batch_qcs/multiqc/final_qc/multiqc_plots/svg/rseqc_read_distribution_plot-cnt.svg",
                "batch_qcs/multiqc/final_qc/multiqc_plots/svg/rseqc_read_distribution_plot-pct.svg",
                "batch_qcs/multiqc/final_qc/multiqc_plots/svg/samtools-flagstat-pct-table.svg",
                "batch_qcs/multiqc/final_qc/multiqc_plots/svg/samtools-flagstat-table.svg",
                "batch_qcs/multiqc/final_qc/multiqc_plots/svg/samtools-idxstats-mapped-reads-plot_Normalised_Counts-cnt.svg",
                "batch_qcs/multiqc/final_qc/multiqc_plots/svg/samtools-idxstats-mapped-reads-plot_Normalised_Counts-log.svg",
                "batch_qcs/multiqc/final_qc/multiqc_plots/svg/samtools-idxstats-mapped-reads-plot_Observed_over_Expected_Counts-cnt.svg",
                "batch_qcs/multiqc/final_qc/multiqc_plots/svg/samtools-idxstats-mapped-reads-plot_Observed_over_Expected_Counts-log.svg",
                "batch_qcs/multiqc/final_qc/multiqc_plots/svg/samtools-idxstats-mapped-reads-plot_Raw_Counts-cnt.svg",
                "batch_qcs/multiqc/final_qc/multiqc_plots/svg/samtools-idxstats-mapped-reads-plot_Raw_Counts-log.svg",
                "batch_qcs/multiqc/final_qc/multiqc_report.html",
                "batch_qcs/read_counts",
                "batch_qcs/read_counts/read_counts.csv",
                "pipeline_info",
                "pipeline_info/nf_core_scnanoseq_software_mqc_versions.yml"
            ],
            [
                "ERR9958133.cdna_known_barcodes.txt:md5,5066d9483f2a949505c22da29f5d7c5c",
                "ERR9958133_barcodes_counts.txt:md5,6d5cb3d3688033996a2eb5f975e54351",
                "ERR9958133.cdna.gene_grouped_tag_CB_counts.barcodes.tsv:md5,f94c3a51693e4f63e69dba073e1861ec",
                "ERR9958133.cdna.gene_grouped_tag_CB_counts.features.tsv:md5,e0a2176ad75baba2480bd539cd349984",
                "ERR9958133.cdna.gene_grouped_tag_CB_counts.matrix.mtx:md5,336217457d816e24491863c196ba45ed",
                "ERR9958133.cdna.transcript_grouped_tag_CB_counts.barcodes.tsv:md5,68088a1b3642c9907ce97e107a4994eb",
                "ERR9958133.cdna.transcript_grouped_tag_CB_counts.features.tsv:md5,11ca69f0455ffcd89c6133e889bbbef0",
                "ERR9958133.cdna.transcript_grouped_tag_CB_counts.matrix.mtx:md5,e988fd4fef7f06408579d9adb38380d8",
                "ERR9958133.read_distribution.txt:md5,dea8a8b4ce34de43810efee784456191",
                "ERR9958133.cdna.genome.umitools_dedup.flagstat:md5,0a5df1264f762b8c68fe100b066f1bac",
                "ERR9958133.cdna.genome.umitools_dedup.idxstats:md5,a11cbfa291afb417a5e181cbda2ed709",
                "ERR9958133.cdna.genome.umitools_dedup.stats:md5,98a2404b4eb55754ddd1d9720c501c42",
                "ERR9958133.cdna.genome.mapped_only.flagstat:md5,8a62e66459abd3e6be5c281bdb46f004",
                "ERR9958133.cdna.genome.mapped_only.idxstats:md5,1f4d53bc3361aafd56adc31d139012ca",
                "ERR9958133.cdna.genome.mapped_only.stats:md5,325202e109339782ebb8852dabb4d8f5",
                "ERR9958133.cdna.genome.minimap.flagstat:md5,9b06b3d4fc870dca9e8f417c15876886",
                "ERR9958133.cdna.genome.minimap.idxstats:md5,bba0bb057025e204ada561f1f3797e4e",
                "ERR9958133.cdna.genome.minimap.stats:md5,903f20ef3048a73111349180bd8ee5fe",
                "ERR9958133.cdna.extracted_NanoStats.txt:md5,78f1385b993486aeae0807d345249153",
                "ERR9958133.cdna.trimmed_NanoStats.txt:md5,acfd13fa4c8ed1cf20bfa544cb19804c",
                "ERR9958133.cdna.raw_NanoStats.txt:md5,27e01d4465515b66f3a18cc1e585000d",
                "ERR9958134.cdna_known_barcodes.txt:md5,7befaf7b86b5a100dcc2ac56a8828521",
                "ERR9958134_barcodes_counts.txt:md5,00beab69eb6da13133f4406c2826c062",
                "ERR9958134.cdna.gene_grouped_tag_CB_counts.barcodes.tsv:md5,5028681536e1216bb67b6a2d0f776bbe",
                "ERR9958134.cdna.gene_grouped_tag_CB_counts.features.tsv:md5,0735a3a9cb4acf02be06e17027d49b91",
                "ERR9958134.cdna.gene_grouped_tag_CB_counts.matrix.mtx:md5,5284f237a80ee5594636e04abb7c09db",
                "ERR9958134.cdna.transcript_grouped_tag_CB_counts.barcodes.tsv:md5,3e7374a80e362799f7718822aa3e1d60",
                "ERR9958134.cdna.transcript_grouped_tag_CB_counts.features.tsv:md5,05b5c3c00e9c6f995096ad8d1d74e27e",
                "ERR9958134.cdna.transcript_grouped_tag_CB_counts.matrix.mtx:md5,d47626194988c0b8a50c7928d4244b3c",
                "ERR9958134.read_distribution.txt:md5,86c2337bb4a3f1582cf4740929b5f9ef",
                "ERR9958134.cdna.genome.umitools_dedup.flagstat:md5,3a620b296c86b15cfedc6b5bfefa2560",
                "ERR9958134.cdna.genome.umitools_dedup.idxstats:md5,83c19801f37e4a195f87e3acd614fb69",
                "ERR9958134.cdna.genome.umitools_dedup.stats:md5,5ec6ea2eb761b658dc0c8a7409a35eb2",
                "ERR9958134.cdna.genome.mapped_only.flagstat:md5,3a620b296c86b15cfedc6b5bfefa2560",
                "ERR9958134.cdna.genome.mapped_only.idxstats:md5,83c19801f37e4a195f87e3acd614fb69",
                "ERR9958134.cdna.genome.mapped_only.stats:md5,934d5c40934161fb5329d268f4b8b30b",
                "ERR9958134.cdna.genome.minimap.flagstat:md5,36fe71608468e0ac7f358e0644791368",
                "ERR9958134.cdna.genome.minimap.idxstats:md5,2a2efb11008698955eca4480373b8c9a",
                "ERR9958134.cdna.genome.minimap.stats:md5,3a627137058054e59093dffa4517590b",
                "ERR9958134.cdna.extracted_NanoStats.txt:md5,e1b8d90f885645afb8dd25a849d854e0",
                "ERR9958134.cdna.trimmed_NanoStats.txt:md5,df1ce9b8bcee5e6f87a14266f7c773e8",
                "ERR9958134.cdna.raw_NanoStats.txt:md5,df1ce9b8bcee5e6f87a14266f7c773e8",
                "multiqc_citations.txt:md5,0cbf715762a381270e777a24df0d0c75",
                "multiqc_general_stats.txt:md5,1cd08647f6c0e3a66c5db06b875346c1",
                "multiqc_read_counts_module.txt:md5,59a7c80f1b36aaa329a69e29ab777657",
                "multiqc_rseqc_read_distribution.txt:md5,238ff57d149aa45cf517d5c9b3a1c21d",
                "multiqc_samtools_flagstat.txt:md5,2ff3978bffb90abfe9217b260d1147b7",
                "multiqc_samtools_idxstats.txt:md5,03fcd4c9cc2026638f09431e8b42c425",
                "rseqc_read_distribution_plot.txt:md5,82384599c90b54d245daa5361fa5f254",
                "samtools-flagstat-pct-table.txt:md5,9c2b3779098a73f183c24fc9c816b1f4",
                "samtools-flagstat-table.txt:md5,a8d4b5846120b1b587f4c084c6256136",
                "samtools-idxstats-mapped-reads-plot_Normalised_Counts.txt:md5,872d0a25e6a6910f8872931d19c38883",
                "samtools-idxstats-mapped-reads-plot_Observed_over_Expected_Counts.txt:md5,872d0a25e6a6910f8872931d19c38883",
                "samtools-idxstats-mapped-reads-plot_Raw_Counts.txt:md5,04e1aaee96fb6284e37423d3366318f4",
                "read_counts.csv:md5,8aa2fa12b6656ebfd8de50c593a4a275"
            ]
        ],
        "timestamp": "2026-06-05T09:20:54.600890905",
        "meta": {
            "nf-test": "0.9.4",
            "nextflow": "25.10.0"
        }
    }
}